         w __deregister_frame_info
         w __register_frame_info
         w userAppExit
         w userAppInit
00000000 00000802 B __ctru_dev_utf16_buf
00000000 A __sync_synchronize
00000000 b _TLS_MODULE_BASE_
00000000 a shift
00000000 a shift
00000804 00000401 B __ctru_dev_path_buf
00100000 A __start__
00100000 T _start
00100008 T __service_ptr
0010000c T __apt_appid
00100010 T __heap_size
00100014 T __linear_heap_size
00100018 T __system_arglist
0010001c T __system_runflags
00100020 t startup
00100058 t ClearMem
0010006c t ClrLoop
00100094 T _init
001000ac t .udivsi3_skip_div0_test
001000ac T __aeabi_uidiv
001000ac 000001ec T __udivsi3
00100298 00000020 T __aeabi_uidivmod
001002b8 T __aeabi_idiv
001002b8 00000220 T __divsi3
001002c0 t .divsi3_skip_div0_test
001004d8 00000020 T __aeabi_idivmod
001004f8 00000004 W __aeabi_idiv0
001004f8 00000004 W __aeabi_ldiv0
001004fc T __aeabi_drsub
00100504 000002b0 T __aeabi_dsub
00100504 000002b0 T __subdf3
00100508 000002ac T __adddf3
00100508 000002ac T __aeabi_dadd
001007b4 00000024 T __aeabi_ui2d
001007b4 00000024 T __floatunsidf
001007d8 00000028 T __aeabi_i2d
001007d8 00000028 T __floatsidf
00100800 00000048 T __aeabi_f2d
00100800 00000048 T __extendsfdf2
00100848 00000074 T __aeabi_ul2d
00100848 00000074 T __floatundidf
0010085c 00000060 T __aeabi_l2d
0010085c 00000060 T __floatdidf
001008bc T __aeabi_uldivmod
00100908 00000390 T strcmp
00100c90 t __do_global_dtors_aux
00100ce0 t frame_dummy
00100d0c 000003a0 T config_load
001010ac 000000b0 t draw_text.constprop.0
0010115c 0000027c T main
001013d8 000003d4 t http_request.constprop.0
001017ac 00000054 T network_init
00101800 00000050 T network_cleanup
00101850 00000098 T network_parse_short_url
001018e8 00000120 T network_heartbeat
00101a08 00000008 T qr_scan
00101a10 00000044 t C2Di_FrameEndHook
00101a54 00000368 T C2D_Init
00101dbc 0000004c T C2D_Fini
00101e08 000000bc T C2D_Prepare
00101ec4 00000048 T C2D_Flush
00101f0c 000000fc T C2D_SceneSize
00102008 00000060 T C2D_CreateScreenTarget
00102068 00000060 T C2D_TargetClear
001020c8 00000054 T C2Di_AppendQuad
0010211c 00000040 T C2Di_AppendVtx
0010215c 00000738 T C2Di_Update
00102894 00000018 t C2Di_GlyphComp
001028ac 00000180 t C2Di_CalcLineWidths
00102a2c 000001d0 T C2D_TextBufNew
00102bfc 0000000c T C2D_TextBufClear
00102c08 000001c4 T C2D_TextFontParseLine
00102dcc 000000a4 T C2D_TextFontParse
00102e70 00000010 T C2D_TextParse
00102e80 00000030 T C2D_TextOptimize
00102eb0 00000fdc T C2D_DrawText
00103e8c 00000050 T C2D_FontGlyphIndexFromCodePoint
00103edc 00000074 T C2D_FontCalcGlyphPos
00103f50 00000028 T AttrInfo_Init
00103f78 00000094 T AttrInfo_AddLoader
0010400c 00000054 T C3D_SetAttrInfo
00104060 00000080 T C3Di_AttrInfoBind
001040e0 00000004 W C3Di_LightEnvUpdate
001040e4 00000004 W C3Di_LightEnvDirty
001040e8 000000b4 t C3Di_AptEventHook
0010419c 00000004 W C3Di_GasUpdate
001041a0 000001d0 T C3D_Init
00104370 00000098 T C3D_SetViewport
00104408 000004e8 T C3Di_UpdateContext
001048f0 000000e0 T C3Di_SplitFrame
001049d0 00000044 T C3D_Fini
00104a14 00000194 T C3D_BindProgram
00104ba8 00000024 T BufInfo_Init
00104bcc 00000080 T BufInfo_Add
00104c4c 0000003c T C3D_SetBufInfo
00104c88 00000048 T C3Di_BufInfoBind
00104cd0 0000021c T C3D_DrawElements
00104eec 00000040 T C3D_DepthMap
00104f2c 0000001c T C3D_CullFace
00104f48 00000040 T C3D_StencilTest
00104f88 00000024 T C3D_StencilOp
00104fac 0000001c T C3D_BlendingColor
00104fc8 00000024 T C3D_EarlyDepthTest
00104fec 0000002c T C3D_DepthTest
00105018 0000002c T C3D_AlphaTest
00105044 00000050 T C3D_AlphaBlend
00105094 00000030 T C3D_FragOpMode
001050c4 00000044 T C3D_FragOpShadow
00105108 000001ac T C3Di_EffectBind
001052b4 0000001c T C3D_CalcColorBufSize
001052d0 0000001c T C3D_CalcDepthBufSize
001052ec 00000044 T C3D_SetFrameBuf
00105330 0000016c T C3Di_FrameBufBind
0010549c 000000c8 T C3D_FrameBufClear
00105564 00000044 T C3D_FrameBufTransfer
001055a8 000000a8 T C3D_ImmSendAttrib
00105650 00000070 T C3D_ProcTexInit
001056c0 00000054 T C3D_ProcTexBind
00105714 0000005c T C3D_ProcTexLutBind
00105770 000000a4 T ProcTexLut_FromArray
00105814 00000178 T C3Di_ProcTexUpdate
0010598c 00000068 T C3Di_ProcTexDirty
001059f4 0000004c t onVBlank0
00105a40 0000004c t onVBlank1
00105a8c 00000080 t C3Di_RenderTargetDestroy
00105b0c 000000f4 t onQueueFinish
00105c00 00000038 T C3Di_RenderQueueEnableVBlank
00105c38 00000030 T C3Di_RenderQueueDisableVBlank
00105c68 00000060 T C3Di_RenderQueueInit
00105cc8 000000b4 T C3Di_RenderQueueExit
00105d7c 00000034 T C3Di_RenderQueueWaitDone
00105db0 000000e8 T C3D_FrameBegin
00105e98 00000048 T C3D_FrameDrawOn
00105ee0 00000058 T C3D_FrameSplit
00105f38 000001d0 T C3D_FrameEnd
00106108 0000001c T C3D_FrameEndHook
00106124 00000170 T C3D_RenderTargetCreate
00106294 000000a8 T C3D_RenderTargetSetOutput
0010633c 00000034 T C3D_GetTexEnv
00106370 00000024 T C3Di_TexEnvBind
00106394 00000044 T C3D_TexBind
001063d8 0000014c T C3Di_SetTex
00106524 00000290 T C3D_UpdateUniforms
001067b4 000000c0 T C3Di_DirtyUniforms
00106874 000000d8 T C3Di_LoadShaderUniforms
0010694c 00000028 T C3Di_ClearShaderUniforms
00106974 000000cc T Mtx_Ortho
00106a40 000000cc T Mtx_OrthoTilt
00106b0c 00000024 t addrMapNodeComparator(rbtree_node const*, rbtree_node const*)
00106b30 00000004 t addrMapNodeDestructor(rbtree_node*)
00106b34 0000012c T linearMemAlign
00106c60 00000008 T linearAlloc
00106c68 0000005c T linearFree
00106cc4 00000088 T MemPool::CoalesceRight(MemBlock*)
00106d4c 00000178 T MemPool::Allocate(MemChunk&, unsigned long, int)
00106ec4 00000118 T MemPool::Deallocate(MemChunk const&)
00106fdc 00000030 T MemPool::GetFreeSpace()
0010700c 00000024 t addrMapNodeComparator(rbtree_node const*, rbtree_node const*)
00107030 00000004 t addrMapNodeDestructor(rbtree_node*)
00107034 00000248 T vramMemAlignAt
0010727c 0000000c T vramAlloc
00107288 0000000c T vramAllocAt
00107294 00000094 T vramFree
00107328 0000009c T fontEnsureMapped
001073c4 00000100 T fontGlyphIndexFromCodePoint
001074c4 00000214 T fontCalcGlyphPos
001076d8 000000cc t gfxPresentFramebuffer
001077a4 0000001c T gfxIsWide
001077c0 000000f8 T gfxSetScreenFormat
001078b8 000000d8 T gfxInit
00107990 00000010 T gfxInitDefault
001079a0 000000b8 T gfxExit
00107a58 000000a0 T gfxGetFramebuffer
00107af8 00000028 T gfxScreenSwapBuffers
00107b20 00000074 T osConvertVirtToPhys
00107b94 00000034 T __ctru_speedup_config
00107bc8 00000164 T srvInit
00107d2c 00000064 T srvExit
00107d90 00000060 T srvEnableNotification
00107df0 000000a0 T srvGetServiceHandleDirect
00107e90 00000048 T srvGetServiceHandle
00107ed8 00000034 T srvSubscribe
00107f0c 00000060 T srvReceiveNotification
00107f6c 00000038 T srvPublishToSubscriber
00107fa4 0000013c T GPUCMD_Add
001080e0 000000b0 T GPUCMD_Split
00108190 00000034 T f32tof16
001081c4 00000034 T f32tof24
001081f8 00000038 T f32tof31
00108230 00000010 T GX_BindQueue
00108240 0000007c T GX_ProcessCommandList
001082bc 00000074 T GX_MemoryFill
00108330 00000074 T GX_DisplayTransfer
001083a4 00000064 t gxCmdQueueDoCommands.part.0
00108408 000000e4 T gxCmdQueueInterrupt
001084ec 00000068 T gxCmdQueueClear
00108554 00000108 T gxCmdQueueAdd
0010865c 00000080 T gxCmdQueueRun
001086dc 00000064 T gxCmdQueueStop
00108740 000000ac T gxCmdQueueWait
001087ec 000001e0 T shaderInstanceInit
001089cc 00000018 T shaderInstanceGetUniformLocation
001089e4 0000001c T shaderProgramInit
00108a00 00000074 T shaderProgramFree
00108a74 00000094 T shaderProgramSetVsh
00108b08 000008d0 T shaderProgramConfigure
001093d8 000001dc t DVLE_GenerateOutmap.part.0
001095b4 000001ac T DVLB_ParseFile
00109760 00000050 T DVLB_Free
001097b0 00000074 T DVLE_GetUniformRegister
00109824 00000180 t aptConvertScreenForCapture
001099a4 00000008 W aptDspSleep
001099ac 00000004 W aptDspWakeup
001099b0 00000004 W aptDspCancel
001099b4 00000138 T aptSendCommand
00109af0 00000044 t aptExitProcess
00109b34 00000394 T aptExit
00109ec8 000000d8 T aptHandleSleep
00109fa0 00000034 T aptHook
00109fd4 00000030 T aptUnhook
0010a004 00000084 T APT_SleepIfShellClosed
0010a088 00000078 T aptSetSleepAllowed
0010a100 00000084 T APT_UnlockTransition
0010a188 00000470 t aptEventHandler
0010a5f8 000000bc T APT_ReceiveParameter
0010a6b4 000000b0 t aptReceiveParameter.constprop.0
0010a768 00000294 t aptScreenTransfer
0010a9fc 000002d0 t aptWaitForWakeUp.isra.0
0010accc 000000f4 T aptJumpToHomeMenu
0010adc0 00000058 T aptMainLoop
0010ae18 00000240 T aptInit
0010b058 00000090 T APT_CheckNew3DS
0010b0e8 00000048 T APT_GetSharedFont
0010b130 00000104 T fsInit
0010b234 0000003c T fsExit
0010b270 00000068 T fsExemptFromSession
0010b2d8 00000050 T fsUnexemptFromSession
0010b328 000000cc T FSUSER_OpenFile
0010b3f4 000000b8 T FSUSER_DeleteFile
0010b4ac 000000f4 T FSUSER_RenameFile
0010b5a0 000000b8 T FSUSER_DeleteDirectory
0010b658 000000d0 T FSUSER_CreateFile
0010b728 000000c0 T FSUSER_CreateDirectory
0010b7e8 000000f4 T FSUSER_RenameDirectory
0010b8dc 000000b4 T FSUSER_OpenDirectory
0010b990 00000090 T FSUSER_OpenArchive
0010ba20 0000008c T FSUSER_CloseArchive
0010baac 00000074 T FSUSER_GetSdmcArchiveResource
0010bb20 00000064 T FSUSER_IsSdmcWritable
0010bb84 00000064 T FSFILE_Read
0010bbe8 0000006c T FSFILE_Write
0010bc54 00000044 T FSFILE_GetSize
0010bc98 00000028 T FSFILE_SetSize
0010bcc0 0000003c T FSFILE_Close
0010bcfc 00000024 T FSFILE_Flush
0010bd20 00000060 T FSDIR_Read
0010bd80 0000003c T FSDIR_Close
0010bdbc 00000c70 t gspHardwareInit
0010ca2c 00000288 T gspInit
0010ccb4 00000104 T gspExit
0010cdb8 00000010 T gspHasGpuRight
0010cdc8 000000a4 T gspPresentBuffer
0010ce6c 00000030 T gspSetEventCallback
0010ce9c 00000050 T gspWaitForEvent
0010ceec 0000004c T gspWaitForAnyEvent
0010cf38 00000154 t gspEventThreadMain
0010d08c 0000012c T gspSubmitGxCommand
0010d1b8 00000050 T GSPGPU_FlushDataCache
0010d208 00000034 T GSPGPU_SetLcdForceBlack
0010d23c 00000084 T GSPGPU_AcquireRight
0010d2c0 00000064 T GSPGPU_ReleaseRight
0010d324 0000007c T GSPGPU_ImportDisplayCaptureInfo
0010d3a0 0000002c T GSPGPU_SaveVramSysArea
0010d3cc 0000002c T GSPGPU_RestoreVramSysArea
0010d3f8 00000024 W hidShouldUseIrrst
0010d41c 000001cc T hidInit
0010d5e8 000000e8 T hidExit
0010d6d0 000002a0 T hidScanInput
0010d970 00000010 T hidKeysDown
0010d980 000001a4 T irrstInit
0010db24 000000dc T irrstExit
0010dc00 000000b4 T irrstScanInput
0010dcb4 00000024 T irrstKeysHeld
0010dcd8 00000078 T ptmSysmInit
0010dd50 0000003c T ptmSysmExit
0010dd8c 00000034 T PTMSYSM_ConfigureNew3DSCPU
0010ddc0 0000000c T srvPmGetSessionHandle
0010ddcc 00000174 T connect
0010df40 00000154 T gethostbyname
0010e094 00000034 t soc_read
0010e0c8 00000034 t soc_write
0010e0fc 000000b0 t soc_close
0010e1ac 00000190 T socInit
0010e33c 00000088 T socExit
0010e3c4 00000148 T socuipc_cmd7
0010e50c 00000168 T socuipc_cmd8
0010e674 00000010 T soc_recvfrom
0010e684 0000015c T socuipc_cmd9
0010e7e0 00000160 T socuipc_cmda
0010e940 00000010 T soc_sendto
0010e950 0000016c T socket
0010eabc 00000074 T rbtree_find
0010eb30 00000010 T rbtree_init
0010eb40 00000198 t do_insert
0010ecd8 00000008 T rbtree_insert
0010ece0 00000310 T rbtree_remove
0010eff0 00000090 T rbtree_rotate
0010f080 00000140 T decode_utf8
0010f1c0 000000e8 T utf16_to_utf8
0010f2a8 000000c0 T utf8_to_utf16
0010f368 000001e8 W __system_allocateHeaps
0010f550 00000038 W __libctru_init
0010f588 0000016c W __system_initArgv
0010f6f4 00000030 T __syscall_getreent
0010f724 00000004 T __syscall_lock_acquire
0010f728 00000004 T __syscall_lock_release
0010f72c 00000004 T __syscall_lock_acquire_recursive
0010f730 00000004 T __syscall_lock_release_recursive
0010f734 00000004 T __syscall_exit
0010f738 00000054 T initThreadVars
0010f78c 00000080 T __system_initSyscalls
0010f80c T svcControlMemory
0010f82c T svcQueryMemory
0010f85c T svcExitProcess
0010f864 T svcCreateThread
0010f884 T svcExitThread
0010f88c T svcSleepThread
0010f894 T svcReleaseMutex
0010f89c T svcCreateEvent
0010f8b0 T svcSignalEvent
0010f8b8 T svcClearEvent
0010f8c0 T svcCreateMemoryBlock
0010f8d8 T svcMapMemoryBlock
0010f8e0 T svcUnmapMemoryBlock
0010f8e8 T svcCreateAddressArbiter
0010f8fc T svcArbitrateAddressNoTimeout
0010f904 T svcCloseHandle
0010f90c T svcWaitSynchronization
0010f914 T svcWaitSynchronizationN
0010f93c T svcDuplicateHandle
0010f950 T svcGetSystemTick
0010f958 T svcConnectToPort
0010f96c T svcSendSyncRequest
0010f974 T svcGetResourceLimit
0010f988 T svcGetResourceLimitLimitValues
0010f990 T svcGetResourceLimitCurrentValues
0010f998 T svcBreak
0010f9a0 T __aeabi_read_tp
0010f9ac W initSystem
0010f9fc W __ctru_exit
0010fa10 0000008c W envGetHandle
0010fa9c 00000050 W envDestroyHandles
0010faec 0000000c T __sync_init
0010faf8 00000018 T __sync_fini
0010fb10 00000028 T syncArbitrateAddress
0010fb38 000000ac T LightLock_Lock
0010fbe4 00000040 T LightLock_Unlock
0010fc24 00000054 T RecursiveLock_Lock
0010fc78 00000054 T RecursiveLock_Unlock
0010fccc 00000044 T LightEvent_Init
0010fd10 000000b8 T LightEvent_Clear
0010fdc8 000000dc T LightEvent_Signal
0010fea4 00000050 T LightEvent_TryWait
0010fef4 000000ac T LightEvent_Wait
0010ffa0 000001fc T threadCreate
0011019c 00000038 T threadFree
001101d4 00000024 T threadJoin
001101f8 00000030 T threadGetCurrent
00110228 00000040 T threadExit
00110268 00000020 t _thread_begin
00110288 00000090 t mappableFindAddressWithin
00110318 00000028 T mappableInit
00110340 0000007c T mappableAlloc
001103bc 00000004 T mappableFree
001103c0 0000003c T _net_convert_error
001103fc 00000060 T rbtree_node_next
0011045c 00000054 T decode_utf16
001104b0 00000054 T encode_utf16
00110504 000000e0 T encode_utf8
001105e4 00000030 W __appExit
00110614 00000030 W __appInit
00110644 00000090 W __libctru_exit
001106d4 00000024 t error_cmp
001106f8 00000050 t archive_translate_error
00110748 000000c0 t archive_seek
00110808 00000078 t _archiveInit.part.0
00110880 00000110 t archiveFindDevice.part.0
00110990 00000298 t archive_utf16path
00110c28 00000098 t _archiveUnmountDeviceStruct.part.0
00110cc0 00000178 t _archiveMountDevice
00110e38 000000f8 t archive_diropen
00110f30 000000ac t archive_fstat
00110fdc 00000074 t archive_fsync
00111050 00000074 t archive_close
001110c4 00000078 t archive_dirclose
0011113c 000000ec t sdmc_statvfs
00111228 000000f8 t archive_chdir
00111320 0000008c t archive_ftruncate
001113ac 000000bc t archive_read
00111468 000000a8 t archive_unlink
00111510 000000c0 t archive_rmdir
001115d0 000000d8 t archive_mkdir
001116a8 000001a0 t archive_stat
00111848 00000164 t archive_dirnext
001119ac 0000013c t archive_write
00111ae8 00000254 t archive_open
00111d3c 00000270 t archive_rename
00111fac 000001c8 T archiveMountSdmc
00112174 00000054 T archiveUnmountAll
001121c8 000000c0 T ceilf
00112288 0000002c T __aeabi_d2lz
00112288 0000002c T __fixdfdi
001122b8 00000040 T __aeabi_d2ulz
001122b8 00000040 T __fixunsdfdi
001122f8 00000130 T __udivmoddi4
00112428 000000e4 T strncat
0011250c 00000078 T sscanf
00112584 00000130 t critical_factorization
001126b4 0000033c t two_way_long_needle
001129f0 00000238 T strstr
00112c28 00000128 T memcpy
00112d50 0000008c T strlen
00112ddc 00000078 T bsearch
00112e54 00000050 t get_arg
00112ea4 00002b88 T __ssvfscanf_r
00115a2c 00000134 T _fopen_r
00115b60 00000028 T fopen
00115b88 00000060 t sulp
00115be8 00001428 T _strtod_l
00117010 00000044 T _strtod_r
00117054 00000020 T close
00117074 00000028 T memalign
0011709c 00000264 t _strtoull_l.isra.0
00117300 00000038 T _strtoull_r
00117338 000000f4 t rshift
0011742c 000008b4 T __gethex
00117ce0 000000a0 T snprintf
00117d80 000001ec t _strtoul_l.isra.0
00117f6c 00000038 T _strtoul_r
00117fa4 0000003c T strtoul
00117fe0 000000c4 T _mbrtowc_r
001180a4 00000140 T strchr
001181e4 000000d8 T memcmp
001182bc 00000198 T _fgets_r
00118454 00000030 T fgets
00118484 00000028 T calloc
001184ac 000000f8 T __sccl
001185a4 0000016c T _memalign_r
00118710 0000000c T __errno
0011871c 00000164 T __smakebuf_r
00118880 0000047c t _strtoll_l.isra.0
00118cfc 00000038 T _strtoll_r
00118d34 00000024 T __locale_mb_cur_max
00118d58 000000e4 T memset
00118e3c 000000d8 T _calloc_r
00118f14 0000022c T __sflush_r
00119140 000000c4 T _fflush_r
00119204 00000028 T realloc
0011922c 000008e8 T qsort
00119b14 0000082c T _malloc_r
0011a340 00000114 T _malloc_trim_r
0011a454 00000314 T _free_r
0011a768 000000e4 T _sungetc_r
0011a84c 0000006c T __ssrefill_r
0011a8b8 000000b4 T _sfread_r
0011a96c 0000001c t stdio_exit_handler
0011a988 0000005c t cleanup_stdio
0011a9e4 00000154 t global_stdio_init.part.0
0011ab38 00000138 T __sfp
0011ac70 0000005c T __sinit
0011accc 0000000c T __sfp_lock_acquire
0011acd8 0000000c T __sfp_lock_release
0011ace4 0000000c T atoi
0011acf0 00000384 t _strtol_l.part.0
0011b074 0000006c T _strtol_r
0011b0e0 00000074 T strtol
0011b154 00000084 T __libc_init_array
0011b1d8 000000d4 T strncpy
0011b2ac 0000001c T _fseek_r
0011b2c8 00000040 T malloc
0011b308 00000020 T free
0011b328 000000e8 T memchr
0011b410 00000030 T write
0011b440 00000024 T _localeconv_r
0011b464 00000044 T __sread
0011b4a8 00000008 T __seofread
0011b4b0 00000068 T __swrite
0011b518 00000040 T __sseek
0011b558 00000008 T __sclose
0011b560 000004f0 T _realloc_r
0011ba50 0000000c T __malloc_lock
0011ba5c 0000000c T __malloc_unlock
0011ba68 00000588 T _fseeko_r
0011bff0 00000148 T _fclose_r
0011c138 00000020 T fclose
0011c158 00000030 T read
0011c188 00000004 W __call_exitprocs
0011c18c 00000030 T exit
0011c1bc 000005e0 t get_arg
0011c7a0 0000345c T _svfprintf_r
0011fbfc 000000b8 T __sflags
0011fcb4 000000f8 T __utf8_wctomb
0011fdac 0000003c T __libc_fini_array
0011fde8 0000003c T strnlen
0011fe24 000000d8 T strncmp
0011fefc 00000070 T __match
0011ff6c 000002a8 T __hexnan
00120214 00000068 T sprintf
0012027c 00000038 t lflush
001202b4 000001a8 T __srefill_r
00120460 00000010 T nan
00120470 0000000c T nanf
00120480 00000088 T frexp
00120508 000000dc T stpncpy
001205e4 0000005c T __assert_func
00120640 00000008 T iswspace
00120648 00000088 T _Balloc
001206d0 0000001c T _Bfree
001206ec 000000f4 T __multadd
001207e0 0000010c T __s2b
001208ec 00000080 T __hi0bits
0012096c 000000f0 T __lo0bits
00120a5c 000000a4 T __i2b
00120b00 00000230 T __multiply
00120d30 00000130 T __pow5mult
00120e60 00000138 T __lshift
00120f98 00000058 T __mcmp
00120ff0 00000218 T __mdiff
00121208 00000068 T __ulp
00121270 000000d4 T __b2d
00121344 00000120 T __d2b
00121464 00000078 T __ratio
001214dc 0000008c T __copybits
00121568 0000005c T __any_on
001215c4 00000070 T _fwalk_sglue
00121634 000000a0 T _wcrtomb_r
001216d4 000000b8 T __submore
0012178c 000000a4 T __ssprint_r
00121830 00000340 T __utf8_mbtowc
00121b70 0000003c T fiprintf
00121bac 000004a4 T __sfvwrite_r
00122050 00000014 T abort
00122064 00000030 T __sprint_r
00122094 000001c0 t quorem
00122258 00001420 T _dtoa_r
00123678 00000028 T _wcsrtombs_r
001236a0 00000140 T __swsetup_r
001237e0 000001a8 T memmove
00123988 00000038 T iswspace_l
001239c0 0000012c T __ssputs_r
00123aec 000005e0 t get_arg
001240cc 000022f8 T _vfiprintf_r
001263c4 000000b4 t __sbprintf
00126478 0000015c T _wcsnrtombs_l
001265d4 00000064 T _wcsnrtombs_r
00126638 0000009c T _raise_r
001266d4 00000020 T raise
001266f4 00000090 T category
00126784 00000020 T _exit
001267a4 00000140 T chdir
001268e4 000001c8 T _concatenate_path
00126aac 0000009c T _fstat_r
00126b48 00000014 T _getpid_r
00126b5c 0000002c T __getreent
00126b88 000000a0 T __release_handle
00126c28 000000b0 T __alloc_handle
00126cd8 00000058 T __get_handle
00126d30 00000110 T _close_r
00126e40 00000008 t null_write
00126e48 00000018 T setDefaultDevice
00126e60 00000098 T FindDevice
00126ef8 00000024 T RemoveDevice
00126f1c 00000088 T AddDevice
00126fa4 00000020 T GetDeviceOpTab
00126fc4 00000008 T _isatty_r
00126fcc 00000014 T _kill_r
00126fe0 00000094 T _lseek_r
00127074 000000c0 T _open_r
00127134 00000094 T _read_r
001271c8 00000078 W _sbrk_r
00127240 0000001c T __libc_lock_acquire
0012725c 0000001c T __libc_lock_release
00127278 0000001c T __libc_lock_acquire_recursive
00127294 0000001c T __libc_lock_release_recursive
001272b0 00000094 T _write_r
00127344 00000048 T strrchr
0012738c T _fini
00128694 r .LC2
0012870c R render2d_shbin
00128898 00000004 r depthFmtSizes
00128898 R render2d_shbin_end
0012889c 00000005 r colorFmtSizes
001288a4 00000010 r CSWTCH.11
001288dc 00000008 r morton_y.2
001288e4 00000008 r morton_x.3
001288ec 00000008 r s_sleepWakeEvents.4
001288f4 0000000c r serviceNameTable.5
00128900 0000004d r _net_error_code_map
00128950 00000030 r error_table
00128980 00000080 r archive_devoptab
00128b54 00000022 r basefix.0
00128bd8 00000014 r fpinan.0
00128bec 00000014 r fpi.1
00128c00 00000028 r tinytens
00128c28 00000100 R __hexdig
00128e14 00000010 r zeroes.0
00128e24 00000010 r blanks.1
00128e34 00000101 R _ctype_
00128f38 0000000c r p05.0
00128f48 00000028 R __mprec_bigtens
00128f70 000000c8 R __mprec_tens
00129038 0000006c R __action_table
001290a4 0000006c R __state_table
00129110 00000100 R __chclass
00129304 00000010 r zeroes.0
00129314 00000010 r blanks.1
00129324 000037f8 r categories
0012cb1c 00000080 R dotab_stdnull
0012cb9c R __tdata_align
0012cba0 r __EH_FRAME_BEGIN__
0012cba0 R __exidx_end
0012cba0 R __exidx_start
0012d000 00000100 d g_status
0012d100 00000004 d g_sockfd
0012d104 00000008 d framerateCounter
0012d10c 00000004 d framerate
0012d110 00000004 d queueLock
0012d114 00000004 d aptChainloadDeliverArgSize
0012d118 00000004 d kCount
0012d11c 00000004 d kInterval
0012d120 00000004 d kDelay
0012d124 00000080 d soc_devoptab
0012d1a4 W __stacksize__
0012d1a8 00000004 D _impure_ptr
0012d1b0 00000200 D _impure_data
0012d3b0 00000254 D __global_locale
0012d604 00000004 D __malloc_sbrk_base
0012d608 00000004 D __malloc_trim_threshold
0012d610 00000408 D __malloc_av_
0012da18 0000000c D __sglue
0012da24 00000400 d _current_working_directory
0012de28 00001000 d handles
0012ee28 0000000c d __stderr_handle
0012ee34 0000000c d __stdout_handle
0012ee40 0000000c d __stdin_handle
0012ee4c 0000008c D devoptab_list
0012eed8 00000004 d defaultDevice
0012eee4 d _GLOBAL_OFFSET_TABLE_
0012eef0 d __frame_dummy_init_array_entry
0012eef0 D __init_array_start
0012eef0 B __preinit_array_end
0012eef0 B __preinit_array_start
0012eef0 D __tdata_lma
0012eef0 D __tdata_lma_end
0012eef4 d __do_global_dtors_aux_fini_array_entry
0012eef4 D __fini_array_start
0012eef4 D __init_array_end
0012eef8 D __bss_start__
0012eef8 D __fini_array_end
0012eef8 00000004 b g_textbuf
0012eefc 00000004 b top
0012ef00 00000004 b bottom
0012ef04 00000c04 b g_cfg
0012fb08 00000001 b g_paired
0012fb10 00000004 b soc_buffer
0012fb18 00000008 b last.0
0012fb20 00010000 b buf.1
0013fb20 000005a8 B __C2Di_Context
001400c8 00000040 b s_projTop
00140108 00000040 b s_projBot
00140148 00000004 b uLoc_mdlvMtx
0014014c 00000004 b uLoc_projMtx
00140150 00000004 b s_glyphSheets
00140154 00000004 b s_textScale
00140158 b completed.1
0014015c b object.0
00140174 0000000c b hookCookie
00140180 000002d0 B __C3D_Context
00140450 00000004 b frameEndCbData
00140454 00000004 b frameEndCb
00140458 00000008 b frameCounter
00140460 00000001 b isTopStereo
00140461 00000001 b needSwapBot
00140462 00000001 b needSwapTop
00140463 00000001 b measureGpuTime
00140464 00000001 b inSafeTransfer
00140465 00000001 b inFrame
00140468 00000010 b cpuTime
00140478 00000010 b gpuTime
00140488 0000000c b linkedTarget
00140494 00000004 b lastTarget
00140498 00000004 b firstTarget
0014049c 00000008 b C3Di_IVUnifEverDirty
001404a4 000000c0 b C3Di_FVUnifEverDirty
00140564 00000018 b C3Di_ShaderFVecData
0014057c 00000002 B C3D_BoolUnifsDirty
00140580 00000008 B C3D_IVUnifDirty
00140588 000000c0 B C3D_FVUnifDirty
00140648 00000004 B C3D_BoolUnifs
0014064c 00000020 B C3D_IVUnif
0014066c 00000c00 B C3D_FVUnif
00141270 00000008 b sLinearPool
00141278 0000000c b sAddrMap
00141288 00000008 b sVramPoolB
00141290 00000008 b sVramPoolA
00141298 0000000c b sAddrMap
001412a4 00000004 b sharedFontAddr
001412a8 00000004 B g_sharedFont
001412ac 00000004 b screenAlloc
001412b0 00000004 b screenFree
001412b4 00000002 b gfxIsDoubleBuf
001412b8 00000002 b gfxCurBuf
001412ba 00000001 b gfxIsVram
001412bb 00000001 b gfxTopMode
001412bc 00000002 b gfxFramebufferFormats
001412c0 00000004 b gfxBottomFramebufferMaxSize
001412c4 00000004 b gfxTopFramebufferMaxSize
001412c8 00000008 b gfxBottomFramebuffers
001412d0 00000008 b gfxTopFramebuffers
001412d8 00000001 V __ctru_speedup
001412dc 00000004 b srvRefCount
001412e0 00000004 b srvHandle
001412e4 00000004 B gpuCmdBufOffset
001412e8 00000004 B gpuCmdBufSize
001412ec 00000004 B gpuCmdBuf
001412f0 00000004 b boundQueue
001412f4 00000001 b shouldStop
001412f5 00000001 b isRunning
001412f6 00000001 b isActive
001412f8 00000004 b curQueue
001412fc 00000001 b flagValue.0
001412fd 00000001 b flagInit.1
00141300 00000004 b serviceName.6
00141304 00000001 b aptChainloadFlags
00141305 00000001 b aptChainloadMediatype
00141308 00000020 b aptChainloadHmac
00141328 00000300 b aptChainloadDeliverArg
00141628 00000008 b aptChainloadTid
00141630 00001000 b aptParameters
00142630 00000004 b aptFlags
00142634 00000001 b aptHomeButtonState
00142638 00000004 b aptMessageFuncData
0014263c 00000004 b aptMessageFunc
00142640 0000000c b aptFirstHook
0014264c 00000001 b aptEventHandlerThreadQuit
00142650 00000004 b aptEventHandlerThread
00142654 00000008 b aptSleepEvent
0014265c 00000008 b aptReceiveEvent
00142664 00000008 b aptEvents
0014266c 00000004 b aptLockHandle
00142670 00000004 b aptRefCount
00142678 00000080 b fsExemptArchives
001426f8 00000004 b fsuRefCount
001426fc 00000004 b fsuHandle
00142700 00000007 b gspEventCbOneShot
00142708 0000001c b gspEventCbData
00142724 0000001c b gspEventCb
00142740 00000038 b gspEvents
00142778 00000004 b gspLastEvent
0014277c 00000001 b gspRunEvents
00142780 00000004 b gspEventThread
00142784 00000004 b gspEvent
00142788 00000001 b gspGpuRight
00142789 00000001 b gspThreadId
0014278c 00000004 b gspSharedMem
00142790 00000004 b gspSharedMemHandle
00142794 00000004 b gspRefCount
00142798 00000004 b gspGpuHandle
0014279c 00000001 b usingIrrst
001427a0 00000004 b hidRefCount
001427a4 00000006 b gRate
001427ac 00000006 b aVec
001427b4 00000004 b cPos
001427b8 00000004 b tPos
001427bc 00000004 b kRepeat
001427c0 00000004 b kUp
001427c4 00000004 b kDown
001427c8 00000004 b kHeld
001427cc 00000004 b kOld
001427d0 00000004 B hidSharedMem
001427d4 00000014 B hidEvents
001427e8 00000004 B hidMemHandle
001427ec 00000004 B hidHandle
001427f0 00000004 b irrstRefCount
001427f4 00000004 b csPos
001427f8 00000004 b kHeld
001427fc 00000004 B irrstSharedMem
00142800 00000004 B irrstEvent
00142804 00000004 B irrstMemHandle
00142808 00000004 B irrstHandle
0014280c 00000004 b ptmSysmRefCount
00142810 00000004 b ptmSysmHandle
00142814 00000004 b srvPmHandle
00142818 00001a88 b outbuf.0
001442a0 00000004 b SOC_hostent_alias
001442a4 00000044 b SOC_hostent_results
001442e8 00000010 b SOC_hostent
001442f8 00000004 V __ctru_linear_heap_size
001442fc 00000004 V __ctru_heap_size
00144300 00000004 B __ctru_linear_heap
00144304 00000004 B __ctru_heap
00144308 00000004 B __system_retAddr
0014430c 00000004 B __system_argv
00144310 00000004 B __system_argc
00144314 b saved_stack
0014431c 00000004 B __3dslink_host
00144320 00000004 b arbiter
00144324 00000004 b currentAddr
00144328 00000004 b maxAddr
0014432c 00000004 b minAddr
00144330 00000004 B h_errno
00144334 00000004 B socMemhandle
00144338 00000004 B SOCU_handle
00144340 000005c0 b archive_devices
00144900 00000004 b archive_device_cwd
00144904 00000001 b archive_initialized
00144908 00000028 B __malloc_current_mallinfo
00144930 00000004 B __malloc_max_total_mem
00144934 00000004 B __malloc_max_sbrked_mem
00144938 00000004 B __malloc_top_pad
0014493c 0000000c b __sfp_recursive_mutex
00144948 00000168 B __sf
00144ab0 00000004 B __stdio_exit_handler
00144ab4 0000000c b __malloc_recursive_mutex
00144ac0 00000400 b temp_cwd
00144ec0 00000004 b __hndl_lock
00144ec4 00000004 B fake_heap_start
00144ec8 00000004 B fake_heap_end
00144ecc 00000004 b heap_start.0
00144ed0 B __tls_start
00145ad8 B __bss_end__
00145ad8 A __end__
00145ad8 B __tls_end
