Archive member included to satisfy reference by file (symbol)

C:/devkitPro/libctru/lib\libcitro2d.a(base.o)
                              main.o (C2D_Init)
C:/devkitPro/libctru/lib\libcitro2d.a(text.o)
                              main.o (C2D_TextBufNew)
C:/devkitPro/libctru/lib\libcitro2d.a(render2d_shbin.o)
                              C:/devkitPro/libctru/lib\libcitro2d.a(base.o) (render2d_shbin)
C:/devkitPro/libctru/lib\libcitro2d.a(font.o)
                              C:/devkitPro/libctru/lib\libcitro2d.a(text.o) (C2D_FontGlyphIndexFromCodePoint)
C:/devkitPro/libctru/lib\libcitro3d.a(attribs.o)
                              C:/devkitPro/libctru/lib\libcitro2d.a(base.o) (AttrInfo_Init)
C:/devkitPro/libctru/lib\libcitro3d.a(base.o)
                              C:/devkitPro/libctru/lib\libcitro3d.a(attribs.o) (__C3D_Context)
C:/devkitPro/libctru/lib\libcitro3d.a(buffers.o)
                              C:/devkitPro/libctru/lib\libcitro2d.a(base.o) (BufInfo_Init)
C:/devkitPro/libctru/lib\libcitro3d.a(drawElements.o)
                              C:/devkitPro/libctru/lib\libcitro2d.a(base.o) (C3D_DrawElements)
C:/devkitPro/libctru/lib\libcitro3d.a(effect.o)
                              C:/devkitPro/libctru/lib\libcitro3d.a(base.o) (C3D_DepthMap)
C:/devkitPro/libctru/lib\libcitro3d.a(framebuffer.o)
                              C:/devkitPro/libctru/lib\libcitro3d.a(base.o) (C3Di_FrameBufBind)
C:/devkitPro/libctru/lib\libcitro3d.a(immediate.o)
                              C:/devkitPro/libctru/lib\libcitro3d.a(base.o) (C3D_ImmSendAttrib)
C:/devkitPro/libctru/lib\libcitro3d.a(proctex.o)
                              C:/devkitPro/libctru/lib\libcitro2d.a(base.o) (C3D_ProcTexInit)
C:/devkitPro/libctru/lib\libcitro3d.a(renderqueue.o)
                              C:/devkitPro/libctru/lib\libcitro3d.a(base.o) (C3Di_RenderQueueEnableVBlank)
C:/devkitPro/libctru/lib\libcitro3d.a(texenv.o)
                              C:/devkitPro/libctru/lib\libcitro2d.a(base.o) (C3D_GetTexEnv)
C:/devkitPro/libctru/lib\libcitro3d.a(texture.o)
                              C:/devkitPro/libctru/lib\libcitro2d.a(base.o) (C3D_TexBind)
C:/devkitPro/libctru/lib\libcitro3d.a(uniforms.o)
                              C:/devkitPro/libctru/lib\libcitro3d.a(base.o) (C3D_UpdateUniforms)
C:/devkitPro/libctru/lib\libcitro3d.a(mtx_multiply.o)
                              C:/devkitPro/libctru/lib\libcitro2d.a(base.o) (Mtx_Multiply)
C:/devkitPro/libctru/lib\libcitro3d.a(mtx_ortho.o)
                              C:/devkitPro/libctru/lib\libcitro2d.a(base.o) (Mtx_Ortho)
C:/devkitPro/libctru/lib\libcitro3d.a(mtx_orthotilt.o)
                              C:/devkitPro/libctru/lib\libcitro2d.a(base.o) (Mtx_OrthoTilt)
C:/devkitPro/libctru/lib\libcitro3d.a(mtx_rotatez.o)
                              C:/devkitPro/libctru/lib\libcitro2d.a(base.o) (Mtx_RotateZ)
C:/devkitPro/libctru/lib\libcitro3d.a(mtx_scale.o)
                              C:/devkitPro/libctru/lib\libcitro2d.a(base.o) (Mtx_Scale)
C:/devkitPro/libctru/lib\libcitro3d.a(mtx_translate.o)
                              C:/devkitPro/libctru/lib\libcitro2d.a(base.o) (Mtx_Translate)
C:/devkitPro/libctru/lib\libctru.a(linear.o)
                              C:/devkitPro/libctru/lib\libcitro2d.a(base.o) (linearAlloc)
C:/devkitPro/libctru/lib\libctru.a(mem_pool.o)
                              C:/devkitPro/libctru/lib\libctru.a(linear.o) (MemPool::Allocate(MemChunk&, unsigned long, int))
C:/devkitPro/libctru/lib\libctru.a(vram.o)
                              C:/devkitPro/libctru/lib\libcitro3d.a(renderqueue.o) (vramAlloc)
C:/devkitPro/libctru/lib\libctru.a(font.o)
                              C:/devkitPro/libctru/lib\libcitro2d.a(text.o) (fontEnsureMapped)
C:/devkitPro/libctru/lib\libctru.a(gfx.o)
                              C:/devkitPro/libctru/lib\libcitro2d.a(base.o) (gfxIsWide)
C:/devkitPro/libctru/lib\libctru.a(os.o)
                              C:/devkitPro/libctru/lib\libcitro3d.a(buffers.o) (osConvertVirtToPhys)
C:/devkitPro/libctru/lib\libctru.a(romfs_dev.o)
                              C:/devkitPro/libctru/lib\libcitro2d.a(font.o) (romfsMountFromTitle)
C:/devkitPro/libctru/lib\libctru.a(srv.o)
                              config.o (srvGetServiceHandle)
C:/devkitPro/libctru/lib\libctru.a(gpu.o)
                              C:/devkitPro/libctru/lib\libcitro3d.a(renderqueue.o) (gpuCmdBuf)
C:/devkitPro/libctru/lib\libctru.a(gx.o)
                              C:/devkitPro/libctru/lib\libcitro3d.a(renderqueue.o) (GX_BindQueue)
C:/devkitPro/libctru/lib\libctru.a(gxqueue.o)
                              C:/devkitPro/libctru/lib\libcitro3d.a(renderqueue.o) (gxCmdQueueClear)
C:/devkitPro/libctru/lib\libctru.a(shaderProgram.o)
                              C:/devkitPro/libctru/lib\libcitro2d.a(base.o) (shaderInstanceGetUniformLocation)
C:/devkitPro/libctru/lib\libctru.a(shbin.o)
                              C:/devkitPro/libctru/lib\libcitro2d.a(base.o) (DVLB_ParseFile)
[...]
Memory Configuration

Name             Origin             Length             Attributes
*default*        0x00000000         0xffffffff

Linker script and memory map

                0x00000000                        __sync_synchronize = __sync_synchronize_dmb
                0x00100000                        PROVIDE (__start__ = 0x100000)
                0x00100000                        . = __start__

.text           0x00100000    0x273a4
 *(.crt0)
 .crt0          0x00100000       0x94 C:/devkitPro/devkitARM/bin/../lib/gcc/arm-none-eabi/16.1.0/../../../../arm-none-eabi/lib/armv6k/fpu/3dsx_crt0.o
                0x00100000                _start
                0x00100008                __service_ptr
                0x0010000c                __apt_appid
                0x00100010                __heap_size
                0x00100014                __linear_heap_size
                0x00100018                __system_arglist
                0x0010001c                __system_runflags
 *(.init)
 .init          0x00100094        0xc C:/devkitPro/devkitARM/bin/../lib/gcc/arm-none-eabi/16.1.0/armv6k/fpu/crti.o
                0x00100094                _init
 .init          0x001000a0        0xc C:/devkitPro/devkitARM/bin/../lib/gcc/arm-none-eabi/16.1.0/armv6k/fpu/crtn.o
                0x001000ac                        . = ALIGN (0x4)
 *(.text)
 .text          0x001000ac      0x20c C:/devkitPro/devkitARM/bin/../lib/gcc/arm-none-eabi/16.1.0/armv6k/fpu\libgcc.a(_udivsi3.o)
                0x001000ac                __aeabi_uidiv
                0x001000ac                __udivsi3
                0x00100298                __aeabi_uidivmod
 .text          0x001002b8      0x240 C:/devkitPro/devkitARM/bin/../lib/gcc/arm-none-eabi/16.1.0/armv6k/fpu\libgcc.a(_divsi3.o)
                0x001002b8                __divsi3
                0x001002b8                __aeabi_idiv
                0x001004d8                __aeabi_idivmod
 .text          0x001004f8        0x4 C:/devkitPro/devkitARM/bin/../lib/gcc/arm-none-eabi/16.1.0/armv6k/fpu\libgcc.a(_dvmd_tls.o)
                0x001004f8                __aeabi_idiv0
                0x001004f8                __aeabi_ldiv0
 .text          0x001004fc      0x3c0 C:/devkitPro/devkitARM/bin/../lib/gcc/arm-none-eabi/16.1.0/armv6k/fpu\libgcc.a(_arm_addsubdf3.o)
                0x001004fc                __aeabi_drsub
                0x00100504                __aeabi_dsub
                0x00100504                __subdf3
                0x00100508                __aeabi_dadd
                0x00100508                __adddf3
                0x001007b4                __floatunsidf
                0x001007b4                __aeabi_ui2d
                0x001007d8                __floatsidf
                0x001007d8                __aeabi_i2d
                0x00100800                __aeabi_f2d
                0x00100800                __extendsfdf2
                0x00100848                __floatundidf
                0x00100848                __aeabi_ul2d
                0x0010085c                __floatdidf
                0x0010085c                __aeabi_l2d
 .text          0x001008bc       0x3c C:/devkitPro/devkitARM/bin/../lib/gcc/arm-none-eabi/16.1.0/armv6k/fpu\libgcc.a(_aeabi_uldivmod.o)
                0x001008bc                __aeabi_uldivmod
 *fill*         0x001008f8        0x8 
 .text          0x00100900      0x390 C:/devkitPro/devkitARM/bin/../lib/gcc/arm-none-eabi/16.1.0/../../../../arm-none-eabi/lib/armv6k/fpu\libg.a(libc_a-strcmp.o)
                0x00100908                strcmp
 *(.text.*)
 .text.__do_global_dtors_aux
                0x00100c90       0x50 C:/devkitPro/devkitARM/bin/../lib/gcc/arm-none-eabi/16.1.0/armv6k/fpu/crtbegin.o
 .text.frame_dummy
                0x00100ce0       0x2c C:/devkitPro/devkitARM/bin/../lib/gcc/arm-none-eabi/16.1.0/armv6k/fpu/crtbegin.o
 .text.config_load
                0x00100d0c      0x3a0 config.o
                0x00100d0c                config_load
 .text.draw_text.constprop.0
                0x001010ac       0xb0 main.o
 .text.startup.main
                0x0010115c      0x27c main.o
                0x0010115c                main
 .text.http_request.constprop.0
                0x001013d8      0x3d4 network.o
 .text.network_init
                0x001017ac       0x54 network.o
                0x001017ac                network_init
 .text.network_cleanup
                0x00101800       0x50 network.o
                0x00101800                network_cleanup
 .text.network_parse_short_url
                0x00101850       0x98 network.o
                0x00101850                network_parse_short_url
 .text.network_heartbeat
                0x001018e8      0x120 network.o
                0x001018e8                network_heartbeat
 .text.qr_scan  0x00101a08        0x8 qr.o
                0x00101a08                qr_scan
 .text.C2Di_FrameEndHook
                0x00101a10       0x44 C:/devkitPro/libctru/lib\libcitro2d.a(base.o)
 .text.C2D_Init
                0x00101a54      0x368 C:/devkitPro/libctru/lib\libcitro2d.a(base.o)
                0x00101a54                C2D_Init
 .text.C2D_Fini
                0x00101dbc       0x4c C:/devkitPro/libctru/lib\libcitro2d.a(base.o)
                0x00101dbc                C2D_Fini
 .text.C2D_Prepare
                0x00101e08       0xbc C:/devkitPro/libctru/lib\libcitro2d.a(base.o)
                0x00101e08                C2D_Prepare
 .text.C2D_Flush
                0x00101ec4       0x48 C:/devkitPro/libctru/lib\libcitro2d.a(base.o)
                0x00101ec4                C2D_Flush
 .text.C2D_SceneSize
                0x00101f0c       0xfc C:/devkitPro/libctru/lib\libcitro2d.a(base.o)
                0x00101f0c                C2D_SceneSize
 .text.C2D_CreateScreenTarget
                0x00102008       0x60 C:/devkitPro/libctru/lib\libcitro2d.a(base.o)
                0x00102008                C2D_CreateScreenTarget
 .text.C2D_TargetClear
                0x00102068       0x60 C:/devkitPro/libctru/lib\libcitro2d.a(base.o)
                0x00102068                C2D_TargetClear
 .text.C2Di_AppendQuad
                0x001020c8       0x54 C:/devkitPro/libctru/lib\libcitro2d.a(base.o)
                0x001020c8                C2Di_AppendQuad
 .text.C2Di_AppendVtx
                0x0010211c       0x40 C:/devkitPro/libctru/lib\libcitro2d.a(base.o)
                0x0010211c                C2Di_AppendVtx
 .text.C2Di_Update
                0x0010215c      0x738 C:/devkitPro/libctru/lib\libcitro2d.a(base.o)
                0x0010215c                C2Di_Update
 .text.C2Di_GlyphComp
                0x00102894       0x18 C:/devkitPro/libctru/lib\libcitro2d.a(text.o)
 .text.C2Di_CalcLineWidths
                0x001028ac      0x180 C:/devkitPro/libctru/lib\libcitro2d.a(text.o)
 .text.C2D_TextBufNew
                0x00102a2c      0x1d0 C:/devkitPro/libctru/lib\libcitro2d.a(text.o)
                0x00102a2c                C2D_TextBufNew
 .text.C2D_TextBufClear
                0x00102bfc        0xc C:/devkitPro/libctru/lib\libcitro2d.a(text.o)
                0x00102bfc                C2D_TextBufClear
 .text.C2D_TextFontParseLine
                0x00102c08      0x1c4 C:/devkitPro/libctru/lib\libcitro2d.a(text.o)
                0x00102c08                C2D_TextFontParseLine
 .text.C2D_TextFontParse
                0x00102dcc       0xa4 C:/devkitPro/libctru/lib\libcitro2d.a(text.o)
                0x00102dcc                C2D_TextFontParse
 .text.C2D_TextParse
                0x00102e70       0x10 C:/devkitPro/libctru/lib\libcitro2d.a(text.o)
                0x00102e70                C2D_TextParse
 .text.C2D_TextOptimize
                0x00102e80       0x30 C:/devkitPro/libctru/lib\libcitro2d.a(text.o)
                0x00102e80                C2D_TextOptimize
 .text.C2D_DrawText
                0x00102eb0      0xfdc C:/devkitPro/libctru/lib\libcitro2d.a(text.o)
                0x00102eb0                C2D_DrawText
 .text.C2D_FontGlyphIndexFromCodePoint
                0x00103e8c       0x50 C:/devkitPro/libctru/lib\libcitro2d.a(font.o)
                0x00103e8c                C2D_FontGlyphIndexFromCodePoint
 .text.C2D_FontCalcGlyphPos
                0x00103edc       0x74 C:/devkitPro/libctru/lib\libcitro2d.a(font.o)
                0x00103edc                C2D_FontCalcGlyphPos
 .text.AttrInfo_Init
                0x00103f50       0x28 C:/devkitPro/libctru/lib\libcitro3d.a(attribs.o)
                0x00103f50                AttrInfo_Init
 .text.AttrInfo_AddLoader
                0x00103f78       0x94 C:/devkitPro/libctru/lib\libcitro3d.a(attribs.o)
                0x00103f78                AttrInfo_AddLoader
 .text.C3D_SetAttrInfo
                0x0010400c       0x54 C:/devkitPro/libctru/lib\libcitro3d.a(attribs.o)
                0x0010400c                C3D_SetAttrInfo
 .text.C3Di_AttrInfoBind
                0x00104060       0x80 C:/devkitPro/libctru/lib\libcitro3d.a(attribs.o)
                0x00104060                C3Di_AttrInfoBind
 .text.C3Di_LightEnvUpdate
                0x001040e0        0x4 C:/devkitPro/libctru/lib\libcitro3d.a(base.o)
                0x001040e0                C3Di_LightEnvUpdate
 .text.C3Di_LightEnvDirty
                0x001040e4        0x4 C:/devkitPro/libctru/lib\libcitro3d.a(base.o)
                0x001040e4                C3Di_LightEnvDirty
 .text.C3Di_AptEventHook
                0x001040e8       0xb4 C:/devkitPro/libctru/lib\libcitro3d.a(base.o)
 .text.C3Di_GasUpdate
                0x0010419c        0x4 C:/devkitPro/libctru/lib\libcitro3d.a(base.o)
                0x0010419c                C3Di_GasUpdate
 .text.C3D_Init
                0x001041a0      0x1d0 C:/devkitPro/libctru/lib\libcitro3d.a(base.o)
                0x001041a0                C3D_Init
 .text.C3D_SetViewport
                0x00104370       0x98 C:/devkitPro/libctru/lib\libcitro3d.a(base.o)
                0x00104370                C3D_SetViewport
 .text.C3Di_UpdateContext
                0x00104408      0x4e8 C:/devkitPro/libctru/lib\libcitro3d.a(base.o)
                0x00104408                C3Di_UpdateContext
 .text.C3Di_SplitFrame
                0x001048f0       0xe0 C:/devkitPro/libctru/lib\libcitro3d.a(base.o)
                0x001048f0                C3Di_SplitFrame
 .text.C3D_Fini
                0x001049d0       0x44 C:/devkitPro/libctru/lib\libcitro3d.a(base.o)
                0x001049d0                C3D_Fini
 .text.C3D_BindProgram
                0x00104a14      0x194 C:/devkitPro/libctru/lib\libcitro3d.a(base.o)
                0x00104a14                C3D_BindProgram
 .text.BufInfo_Init
                0x00104ba8       0x24 C:/devkitPro/libctru/lib\libcitro3d.a(buffers.o)
                0x00104ba8                BufInfo_Init
 .text.BufInfo_Add
                0x00104bcc       0x80 C:/devkitPro/libctru/lib\libcitro3d.a(buffers.o)
                0x00104bcc                BufInfo_Add
 .text.C3D_SetBufInfo
                0x00104c4c       0x3c C:/devkitPro/libctru/lib\libcitro3d.a(buffers.o)
                0x00104c4c                C3D_SetBufInfo
 .text.C3Di_BufInfoBind
                0x00104c88       0x48 C:/devkitPro/libctru/lib\libcitro3d.a(buffers.o)
                0x00104c88                C3Di_BufInfoBind
 .text.C3D_DrawElements
                0x00104cd0      0x21c C:/devkitPro/libctru/lib\libcitro3d.a(drawElements.o)
                0x00104cd0                C3D_DrawElements
 .text.C3D_DepthMap
                0x00104eec       0x40 C:/devkitPro/libctru/lib\libcitro3d.a(effect.o)
                0x00104eec                C3D_DepthMap
 .text.C3D_CullFace
                0x00104f2c       0x1c C:/devkitPro/libctru/lib\libcitro3d.a(effect.o)
                0x00104f2c                C3D_CullFace
 .text.C3D_StencilTest
                0x00104f48       0x40 C:/devkitPro/libctru/lib\libcitro3d.a(effect.o)
                0x00104f48                C3D_StencilTest
 .text.C3D_StencilOp
                0x00104f88       0x24 C:/devkitPro/libctru/lib\libcitro3d.a(effect.o)
                0x00104f88                C3D_StencilOp
 .text.C3D_BlendingColor
                0x00104fac       0x1c C:/devkitPro/libctru/lib\libcitro3d.a(effect.o)
                0x00104fac                C3D_BlendingColor
 .text.C3D_EarlyDepthTest
                0x00104fc8       0x24 C:/devkitPro/libctru/lib\libcitro3d.a(effect.o)
                0x00104fc8                C3D_EarlyDepthTest
 .text.C3D_DepthTest
                0x00104fec       0x2c C:/devkitPro/libctru/lib\libcitro3d.a(effect.o)
                0x00104fec                C3D_DepthTest
 .text.C3D_AlphaTest
                0x00105018       0x2c C:/devkitPro/libctru/lib\libcitro3d.a(effect.o)
                0x00105018                C3D_AlphaTest
 .text.C3D_AlphaBlend
                0x00105044       0x50 C:/devkitPro/libctru/lib\libcitro3d.a(effect.o)
                0x00105044                C3D_AlphaBlend
 .text.C3D_FragOpMode
                0x00105094       0x30 C:/devkitPro/libctru/lib\libcitro3d.a(effect.o)
                0x00105094                C3D_FragOpMode
 .text.C3D_FragOpShadow
                0x001050c4       0x44 C:/devkitPro/libctru/lib\libcitro3d.a(effect.o)
                0x001050c4                C3D_FragOpShadow
 .text.C3Di_EffectBind
                0x00105108      0x1ac C:/devkitPro/libctru/lib\libcitro3d.a(effect.o)
                0x00105108                C3Di_EffectBind
 .text.C3D_CalcColorBufSize
                0x001052b4       0x1c C:/devkitPro/libctru/lib\libcitro3d.a(framebuffer.o)
                0x001052b4                C3D_CalcColorBufSize
 .text.C3D_CalcDepthBufSize
                0x001052d0       0x1c C:/devkitPro/libctru/lib\libcitro3d.a(framebuffer.o)
                0x001052d0                C3D_CalcDepthBufSize
 .text.C3D_SetFrameBuf
                0x001052ec       0x44 C:/devkitPro/libctru/lib\libcitro3d.a(framebuffer.o)
                0x001052ec                C3D_SetFrameBuf
 .text.C3Di_FrameBufBind
                0x00105330      0x16c C:/devkitPro/libctru/lib\libcitro3d.a(framebuffer.o)
                0x00105330                C3Di_FrameBufBind
 .text.C3D_FrameBufClear
                0x0010549c       0xc8 C:/devkitPro/libctru/lib\libcitro3d.a(framebuffer.o)
                0x0010549c                C3D_FrameBufClear
 .text.C3D_FrameBufTransfer
                0x00105564       0x44 C:/devkitPro/libctru/lib\libcitro3d.a(framebuffer.o)
                0x00105564                C3D_FrameBufTransfer
 .text.C3D_ImmSendAttrib
                0x001055a8       0xa8 C:/devkitPro/libctru/lib\libcitro3d.a(immediate.o)
                0x001055a8                C3D_ImmSendAttrib
 .text.C3D_ProcTexInit
                0x00105650       0x70 C:/devkitPro/libctru/lib\libcitro3d.a(proctex.o)
                0x00105650                C3D_ProcTexInit
 .text.C3D_ProcTexBind
                0x001056c0       0x54 C:/devkitPro/libctru/lib\libcitro3d.a(proctex.o)
                0x001056c0                C3D_ProcTexBind
 .text.C3D_ProcTexLutBind
                0x00105714       0x5c C:/devkitPro/libctru/lib\libcitro3d.a(proctex.o)
                0x00105714                C3D_ProcTexLutBind
 .text.ProcTexLut_FromArray
                0x00105770       0xa4 C:/devkitPro/libctru/lib\libcitro3d.a(proctex.o)
                0x00105770                ProcTexLut_FromArray
 .text.C3Di_ProcTexUpdate
                0x00105814      0x178 C:/devkitPro/libctru/lib\libcitro3d.a(proctex.o)
                0x00105814                C3Di_ProcTexUpdate
 .text.C3Di_ProcTexDirty
                0x0010598c       0x68 C:/devkitPro/libctru/lib\libcitro3d.a(proctex.o)
                0x0010598c                C3Di_ProcTexDirty
 .text.onVBlank0
                0x001059f4       0x4c C:/devkitPro/libctru/lib\libcitro3d.a(renderqueue.o)
 .text.onVBlank1
                0x00105a40       0x4c C:/devkitPro/libctru/lib\libcitro3d.a(renderqueue.o)
 .text.C3Di_RenderTargetDestroy
                0x00105a8c       0x80 C:/devkitPro/libctru/lib\libcitro3d.a(renderqueue.o)
 .text.onQueueFinish
                0x00105b0c       0xf4 C:/devkitPro/libctru/lib\libcitro3d.a(renderqueue.o)
 .text.C3Di_RenderQueueEnableVBlank
                0x00105c00       0x38 C:/devkitPro/libctru/lib\libcitro3d.a(renderqueue.o)
                0x00105c00                C3Di_RenderQueueEnableVBlank
 .text.C3Di_RenderQueueDisableVBlank
                0x00105c38       0x30 C:/devkitPro/libctru/lib\libcitro3d.a(renderqueue.o)
                0x00105c38                C3Di_RenderQueueDisableVBlank
 .text.C3Di_RenderQueueInit
                0x00105c68       0x60 C:/devkitPro/libctru/lib\libcitro3d.a(renderqueue.o)
                0x00105c68                C3Di_RenderQueueInit
 .text.C3Di_RenderQueueExit
                0x00105cc8       0xb4 C:/devkitPro/libctru/lib\libcitro3d.a(renderqueue.o)
                0x00105cc8                C3Di_RenderQueueExit
 .text.C3Di_RenderQueueWaitDone
                0x00105d7c       0x34 C:/devkitPro/libctru/lib\libcitro3d.a(renderqueue.o)
                0x00105d7c                C3Di_RenderQueueWaitDone
 .text.C3D_FrameBegin
                0x00105db0       0xe8 C:/devkitPro/libctru/lib\libcitro3d.a(renderqueue.o)
                0x00105db0                C3D_FrameBegin
 .text.C3D_FrameDrawOn
                0x00105e98       0x48 C:/devkitPro/libctru/lib\libcitro3d.a(renderqueue.o)
                0x00105e98                C3D_FrameDrawOn
 .text.C3D_FrameSplit
                0x00105ee0       0x58 C:/devkitPro/libctru/lib\libcitro3d.a(renderqueue.o)
                0x00105ee0                C3D_FrameSplit
 .text.C3D_FrameEnd
                0x00105f38      0x1d0 C:/devkitPro/libctru/lib\libcitro3d.a(renderqueue.o)
                0x00105f38                C3D_FrameEnd
 .text.C3D_FrameEndHook
                0x00106108       0x1c C:/devkitPro/libctru/lib\libcitro3d.a(renderqueue.o)
                0x00106108                C3D_FrameEndHook
 .text.C3D_RenderTargetCreate
                0x00106124      0x170 C:/devkitPro/libctru/lib\libcitro3d.a(renderqueue.o)
                0x00106124                C3D_RenderTargetCreate
 .text.C3D_RenderTargetSetOutput
                0x00106294       0xa8 C:/devkitPro/libctru/lib\libcitro3d.a(renderqueue.o)
                0x00106294                C3D_RenderTargetSetOutput
 .text.C3D_GetTexEnv
                0x0010633c       0x34 C:/devkitPro/libctru/lib\libcitro3d.a(texenv.o)
                0x0010633c                C3D_GetTexEnv
 .text.C3Di_TexEnvBind
                0x00106370       0x24 C:/devkitPro/libctru/lib\libcitro3d.a(texenv.o)
                0x00106370                C3Di_TexEnvBind
 .text.C3D_TexBind
                0x00106394       0x44 C:/devkitPro/libctru/lib\libcitro3d.a(texture.o)
                0x00106394                C3D_TexBind
 .text.C3Di_SetTex
                0x001063d8      0x14c C:/devkitPro/libctru/lib\libcitro3d.a(texture.o)
                0x001063d8                C3Di_SetTex
 .text.C3D_UpdateUniforms
                0x00106524      0x290 C:/devkitPro/libctru/lib\libcitro3d.a(uniforms.o)
                0x00106524                C3D_UpdateUniforms
 .text.C3Di_DirtyUniforms
                0x001067b4       0xc0 C:/devkitPro/libctru/lib\libcitro3d.a(uniforms.o)
                0x001067b4                C3Di_DirtyUniforms
 .text.C3Di_LoadShaderUniforms
                0x00106874       0xd8 C:/devkitPro/libctru/lib\libcitro3d.a(uniforms.o)
                0x00106874                C3Di_LoadShaderUniforms
 .text.C3Di_ClearShaderUniforms
                0x0010694c       0x28 C:/devkitPro/libctru/lib\libcitro3d.a(uniforms.o)
                0x0010694c                C3Di_ClearShaderUniforms
 .text.Mtx_Ortho
                0x00106974       0xcc C:/devkitPro/libctru/lib\libcitro3d.a(mtx_ortho.o)
                0x00106974                Mtx_Ortho
 .text.Mtx_OrthoTilt
                0x00106a40       0xcc C:/devkitPro/libctru/lib\libcitro3d.a(mtx_orthotilt.o)
                0x00106a40                Mtx_OrthoTilt
 .text._ZL21addrMapNodeComparatorPK11rbtree_nodeS1_
                0x00106b0c       0x24 C:/devkitPro/libctru/lib\libctru.a(linear.o)
 .text._ZL21addrMapNodeDestructorP11rbtree_node
                0x00106b30        0x4 C:/devkitPro/libctru/lib\libctru.a(linear.o)
 .text.linearMemAlign
                0x00106b34      0x12c C:/devkitPro/libctru/lib\libctru.a(linear.o)
                0x00106b34                linearMemAlign
 .text.linearAlloc
                0x00106c60        0x8 C:/devkitPro/libctru/lib\libctru.a(linear.o)
                0x00106c60                linearAlloc
 .text.linearFree
                0x00106c68       0x5c C:/devkitPro/libctru/lib\libctru.a(linear.o)
                0x00106c68                linearFree
 .text._ZN7MemPool13CoalesceRightEP8MemBlock
                0x00106cc4       0x88 C:/devkitPro/libctru/lib\libctru.a(mem_pool.o)
                0x00106cc4                MemPool::CoalesceRight(MemBlock*)
 .text._ZN7MemPool8AllocateER8MemChunkmi
                0x00106d4c      0x178 C:/devkitPro/libctru/lib\libctru.a(mem_pool.o)
                0x00106d4c                MemPool::Allocate(MemChunk&, unsigned long, int)
 .text._ZN7MemPool10DeallocateERK8MemChunk
                0x00106ec4      0x118 C:/devkitPro/libctru/lib\libctru.a(mem_pool.o)
                0x00106ec4                MemPool::Deallocate(MemChunk const&)
 .text._ZN7MemPool12GetFreeSpaceEv
                0x00106fdc       0x30 C:/devkitPro/libctru/lib\libctru.a(mem_pool.o)
                0x00106fdc                MemPool::GetFreeSpace()
 .text._ZL21addrMapNodeComparatorPK11rbtree_nodeS1_
                0x0010700c       0x24 C:/devkitPro/libctru/lib\libctru.a(vram.o)
 .text._ZL21addrMapNodeDestructorP11rbtree_node
                0x00107030        0x4 C:/devkitPro/libctru/lib\libctru.a(vram.o)
 .text.vramMemAlignAt
                0x00107034      0x248 C:/devkitPro/libctru/lib\libctru.a(vram.o)
                0x00107034                vramMemAlignAt
 .text.vramAlloc
                0x0010727c        0xc C:/devkitPro/libctru/lib\libctru.a(vram.o)
                0x0010727c                vramAlloc
 .text.vramAllocAt
                0x00107288        0xc C:/devkitPro/libctru/lib\libctru.a(vram.o)
                0x00107288                vramAllocAt
 .text.vramFree
                0x00107294       0x94 C:/devkitPro/libctru/lib\libctru.a(vram.o)
                0x00107294                vramFree
 .text.fontEnsureMapped
                0x00107328       0x9c C:/devkitPro/libctru/lib\libctru.a(font.o)
                0x00107328                fontEnsureMapped
 .text.fontGlyphIndexFromCodePoint
                0x001073c4      0x100 C:/devkitPro/libctru/lib\libctru.a(font.o)
                0x001073c4                fontGlyphIndexFromCodePoint
 .text.fontCalcGlyphPos
                0x001074c4      0x214 C:/devkitPro/libctru/lib\libctru.a(font.o)
                0x001074c4                fontCalcGlyphPos
 .text.gfxPresentFramebuffer
                0x001076d8       0xcc C:/devkitPro/libctru/lib\libctru.a(gfx.o)
 .text.gfxIsWide
                0x001077a4       0x1c C:/devkitPro/libctru/lib\libctru.a(gfx.o)
                0x001077a4                gfxIsWide
 .text.gfxSetScreenFormat
                0x001077c0       0xf8 C:/devkitPro/libctru/lib\libctru.a(gfx.o)
                0x001077c0                gfxSetScreenFormat
 .text.gfxInit  0x001078b8       0xd8 C:/devkitPro/libctru/lib\libctru.a(gfx.o)
                0x001078b8                gfxInit
 .text.gfxInitDefault
                0x00107990       0x10 C:/devkitPro/libctru/lib\libctru.a(gfx.o)
                0x00107990                gfxInitDefault
 .text.gfxExit  0x001079a0       0xb8 C:/devkitPro/libctru/lib\libctru.a(gfx.o)
                0x001079a0                gfxExit
 .text.gfxGetFramebuffer
                0x00107a58       0xa0 C:/devkitPro/libctru/lib\libctru.a(gfx.o)
                0x00107a58                gfxGetFramebuffer
 .text.gfxScreenSwapBuffers
                0x00107af8       0x28 C:/devkitPro/libctru/lib\libctru.a(gfx.o)
                0x00107af8                gfxScreenSwapBuffers
 .text.osConvertVirtToPhys
                0x00107b20       0x74 C:/devkitPro/libctru/lib\libctru.a(os.o)
                0x00107b20                osConvertVirtToPhys
 .text.__ctru_speedup_config
                0x00107b94       0x34 C:/devkitPro/libctru/lib\libctru.a(os.o)
                0x00107b94                __ctru_speedup_config
 .text.srvInit  0x00107bc8      0x164 C:/devkitPro/libctru/lib\libctru.a(srv.o)
                0x00107bc8                srvInit
 .text.srvExit  0x00107d2c       0x64 C:/devkitPro/libctru/lib\libctru.a(srv.o)
                0x00107d2c                srvExit
 .text.srvEnableNotification
                0x00107d90       0x60 C:/devkitPro/libctru/lib\libctru.a(srv.o)
                0x00107d90                srvEnableNotification
 .text.srvGetServiceHandleDirect
                0x00107df0       0xa0 C:/devkitPro/libctru/lib\libctru.a(srv.o)
                0x00107df0                srvGetServiceHandleDirect
 .text.srvGetServiceHandle
                0x00107e90       0x48 C:/devkitPro/libctru/lib\libctru.a(srv.o)
                0x00107e90                srvGetServiceHandle
 .text.srvSubscribe
                0x00107ed8       0x34 C:/devkitPro/libctru/lib\libctru.a(srv.o)
                0x00107ed8                srvSubscribe
 .text.srvReceiveNotification
                0x00107f0c       0x60 C:/devkitPro/libctru/lib\libctru.a(srv.o)
                0x00107f0c                srvReceiveNotification
 .text.srvPublishToSubscriber
                0x00107f6c       0x38 C:/devkitPro/libctru/lib\libctru.a(srv.o)
                0x00107f6c                srvPublishToSubscriber
 .text.GPUCMD_Add
                0x00107fa4      0x13c C:/devkitPro/libctru/lib\libctru.a(gpu.o)
                0x00107fa4                GPUCMD_Add
 .text.GPUCMD_Split
                0x001080e0       0xb0 C:/devkitPro/libctru/lib\libctru.a(gpu.o)
                0x001080e0                GPUCMD_Split
 .text.f32tof16
                0x00108190       0x34 C:/devkitPro/libctru/lib\libctru.a(gpu.o)
                0x00108190                f32tof16
 .text.f32tof24
                0x001081c4       0x34 C:/devkitPro/libctru/lib\libctru.a(gpu.o)
                0x001081c4                f32tof24
 .text.f32tof31
                0x001081f8       0x38 C:/devkitPro/libctru/lib\libctru.a(gpu.o)
                0x001081f8                f32tof31
 .text.GX_BindQueue
                0x00108230       0x10 C:/devkitPro/libctru/lib\libctru.a(gx.o)
                0x00108230                GX_BindQueue
 .text.GX_ProcessCommandList
                0x00108240       0x7c C:/devkitPro/libctru/lib\libctru.a(gx.o)
                0x00108240                GX_ProcessCommandList
 .text.GX_MemoryFill
                0x001082bc       0x74 C:/devkitPro/libctru/lib\libctru.a(gx.o)
                0x001082bc                GX_MemoryFill
 .text.GX_DisplayTransfer
                0x00108330       0x74 C:/devkitPro/libctru/lib\libctru.a(gx.o)
                0x00108330                GX_DisplayTransfer
 .text.gxCmdQueueDoCommands.part.0
                0x001083a4       0x64 C:/devkitPro/libctru/lib\libctru.a(gxqueue.o)
 .text.gxCmdQueueInterrupt
                0x00108408       0xe4 C:/devkitPro/libctru/lib\libctru.a(gxqueue.o)
                0x00108408                gxCmdQueueInterrupt
 .text.gxCmdQueueClear
                0x001084ec       0x68 C:/devkitPro/libctru/lib\libctru.a(gxqueue.o)
                0x001084ec                gxCmdQueueClear
 .text.gxCmdQueueAdd
                0x00108554      0x108 C:/devkitPro/libctru/lib\libctru.a(gxqueue.o)
                0x00108554                gxCmdQueueAdd
 .text.gxCmdQueueRun
                0x0010865c       0x80 C:/devkitPro/libctru/lib\libctru.a(gxqueue.o)
                0x0010865c                gxCmdQueueRun
 .text.gxCmdQueueStop
                0x001086dc       0x64 C:/devkitPro/libctru/lib\libctru.a(gxqueue.o)
                0x001086dc                gxCmdQueueStop
 .text.gxCmdQueueWait
                0x00108740       0xac C:/devkitPro/libctru/lib\libctru.a(gxqueue.o)
                0x00108740                gxCmdQueueWait
 .text.shaderInstanceInit
                0x001087ec      0x1e0 C:/devkitPro/libctru/lib\libctru.a(shaderProgram.o)
                0x001087ec                shaderInstanceInit
 .text.shaderInstanceGetUniformLocation
                0x001089cc       0x18 C:/devkitPro/libctru/lib\libctru.a(shaderProgram.o)
                0x001089cc                shaderInstanceGetUniformLocation
 .text.shaderProgramInit
                0x001089e4       0x1c C:/devkitPro/libctru/lib\libctru.a(shaderProgram.o)
                0x001089e4                shaderProgramInit
 .text.shaderProgramFree
                0x00108a00       0x74 C:/devkitPro/libctru/lib\libctru.a(shaderProgram.o)
                0x00108a00                shaderProgramFree
 .text.shaderProgramSetVsh
                0x00108a74       0x94 C:/devkitPro/libctru/lib\libctru.a(shaderProgram.o)
                0x00108a74                shaderProgramSetVsh
 .text.shaderProgramConfigure
                0x00108b08      0x8d0 C:/devkitPro/libctru/lib\libctru.a(shaderProgram.o)
                0x00108b08                shaderProgramConfigure
 .text.DVLE_GenerateOutmap.part.0
                0x001093d8      0x1dc C:/devkitPro/libctru/lib\libctru.a(shbin.o)
 .text.DVLB_ParseFile
                0x001095b4      0x1ac C:/devkitPro/libctru/lib\libctru.a(shbin.o)
                0x001095b4                DVLB_ParseFile
 .text.DVLB_Free
                0x00109760       0x50 C:/devkitPro/libctru/lib\libctru.a(shbin.o)
                0x00109760                DVLB_Free
 .text.DVLE_GetUniformRegister
                0x001097b0       0x74 C:/devkitPro/libctru/lib\libctru.a(shbin.o)
                0x001097b0                DVLE_GetUniformRegister
 .text.aptConvertScreenForCapture
                0x00109824      0x180 C:/devkitPro/libctru/lib\libctru.a(apt.o)
 .text.aptDspSleep
                0x001099a4        0x8 C:/devkitPro/libctru/lib\libctru.a(apt.o)
                0x001099a4                aptDspSleep
 .text.aptDspWakeup
                0x001099ac        0x4 C:/devkitPro/libctru/lib\libctru.a(apt.o)
                0x001099ac                aptDspWakeup
 .text.aptDspCancel
                0x001099b0        0x4 C:/devkitPro/libctru/lib\libctru.a(apt.o)
                0x001099b0                aptDspCancel
 .text.aptSendCommand
                0x001099b4      0x138 C:/devkitPro/libctru/lib\libctru.a(apt.o)
                0x001099b4                aptSendCommand
 *fill*         0x00109aec        0x4 
 .text.aptExitProcess
                0x00109af0       0x44 C:/devkitPro/libctru/lib\libctru.a(apt.o)
 .text.aptExit  0x00109b34      0x394 C:/devkitPro/libctru/lib\libctru.a(apt.o)
                0x00109b34                aptExit
 .text.aptHandleSleep
                0x00109ec8       0xd8 C:/devkitPro/libctru/lib\libctru.a(apt.o)
                0x00109ec8                aptHandleSleep
 .text.aptHook  0x00109fa0       0x34 C:/devkitPro/libctru/lib\libctru.a(apt.o)
                0x00109fa0                aptHook
 .text.aptUnhook
                0x00109fd4       0x30 C:/devkitPro/libctru/lib\libctru.a(apt.o)
                0x00109fd4                aptUnhook
 .text.APT_SleepIfShellClosed
                0x0010a004       0x84 C:/devkitPro/libctru/lib\libctru.a(apt.o)
                0x0010a004                APT_SleepIfShellClosed
 .text.aptSetSleepAllowed
                0x0010a088       0x78 C:/devkitPro/libctru/lib\libctru.a(apt.o)
                0x0010a088                aptSetSleepAllowed
 .text.APT_UnlockTransition
                0x0010a100       0x84 C:/devkitPro/libctru/lib\libctru.a(apt.o)
                0x0010a100                APT_UnlockTransition
 *fill*         0x0010a184        0x4 
 .text.aptEventHandler
                0x0010a188      0x470 C:/devkitPro/libctru/lib\libctru.a(apt.o)
 .text.APT_ReceiveParameter
                0x0010a5f8       0xbc C:/devkitPro/libctru/lib\libctru.a(apt.o)
                0x0010a5f8                APT_ReceiveParameter
 .text.aptReceiveParameter.constprop.0
                0x0010a6b4       0xb0 C:/devkitPro/libctru/lib\libctru.a(apt.o)
 *fill*         0x0010a764        0x4 
 .text.aptScreenTransfer
                0x0010a768      0x294 C:/devkitPro/libctru/lib\libctru.a(apt.o)
 .text.aptWaitForWakeUp.isra.0
                0x0010a9fc      0x2d0 C:/devkitPro/libctru/lib\libctru.a(apt.o)
 .text.aptJumpToHomeMenu
                0x0010accc       0xf4 C:/devkitPro/libctru/lib\libctru.a(apt.o)
                0x0010accc                aptJumpToHomeMenu
 .text.aptMainLoop
                0x0010adc0       0x58 C:/devkitPro/libctru/lib\libctru.a(apt.o)
                0x0010adc0                aptMainLoop
 .text.aptInit  0x0010ae18      0x240 C:/devkitPro/libctru/lib\libctru.a(apt.o)
                0x0010ae18                aptInit
 .text.APT_CheckNew3DS
                0x0010b058       0x90 C:/devkitPro/libctru/lib\libctru.a(apt.o)
                0x0010b058                APT_CheckNew3DS
 .text.APT_GetSharedFont
                0x0010b0e8       0x48 C:/devkitPro/libctru/lib\libctru.a(apt.o)
                0x0010b0e8                APT_GetSharedFont
 .text.fsInit   0x0010b130      0x104 C:/devkitPro/libctru/lib\libctru.a(fs.o)
                0x0010b130                fsInit
 .text.fsExit   0x0010b234       0x3c C:/devkitPro/libctru/lib\libctru.a(fs.o)
                0x0010b234                fsExit
 .text.fsExemptFromSession
                0x0010b270       0x68 C:/devkitPro/libctru/lib\libctru.a(fs.o)
                0x0010b270                fsExemptFromSession
 .text.fsUnexemptFromSession
                0x0010b2d8       0x50 C:/devkitPro/libctru/lib\libctru.a(fs.o)
                0x0010b2d8                fsUnexemptFromSession
 .text.FSUSER_OpenFile
                0x0010b328       0xcc C:/devkitPro/libctru/lib\libctru.a(fs.o)
                0x0010b328                FSUSER_OpenFile
 .text.FSUSER_DeleteFile
                0x0010b3f4       0xb8 C:/devkitPro/libctru/lib\libctru.a(fs.o)
                0x0010b3f4                FSUSER_DeleteFile
 .text.FSUSER_RenameFile
                0x0010b4ac       0xf4 C:/devkitPro/libctru/lib\libctru.a(fs.o)
                0x0010b4ac                FSUSER_RenameFile
 .text.FSUSER_DeleteDirectory
                0x0010b5a0       0xb8 C:/devkitPro/libctru/lib\libctru.a(fs.o)
                0x0010b5a0                FSUSER_DeleteDirectory
 .text.FSUSER_CreateFile
                0x0010b658       0xd0 C:/devkitPro/libctru/lib\libctru.a(fs.o)
                0x0010b658                FSUSER_CreateFile
 .text.FSUSER_CreateDirectory
                0x0010b728       0xc0 C:/devkitPro/libctru/lib\libctru.a(fs.o)
                0x0010b728                FSUSER_CreateDirectory
 .text.FSUSER_RenameDirectory
                0x0010b7e8       0xf4 C:/devkitPro/libctru/lib\libctru.a(fs.o)
                0x0010b7e8                FSUSER_RenameDirectory
 .text.FSUSER_OpenDirectory
                0x0010b8dc       0xb4 C:/devkitPro/libctru/lib\libctru.a(fs.o)
                0x0010b8dc                FSUSER_OpenDirectory
 .text.FSUSER_OpenArchive
                0x0010b990       0x90 C:/devkitPro/libctru/lib\libctru.a(fs.o)
                0x0010b990                FSUSER_OpenArchive
 .text.FSUSER_CloseArchive
                0x0010ba20       0x8c C:/devkitPro/libctru/lib\libctru.a(fs.o)
                0x0010ba20                FSUSER_CloseArchive
 .text.FSUSER_GetSdmcArchiveResource
                0x0010baac       0x74 C:/devkitPro/libctru/lib\libctru.a(fs.o)
                0x0010baac                FSUSER_GetSdmcArchiveResource
 .text.FSUSER_IsSdmcWritable
                0x0010bb20       0x64 C:/devkitPro/libctru/lib\libctru.a(fs.o)
                0x0010bb20                FSUSER_IsSdmcWritable
 .text.FSFILE_Read
                0x0010bb84       0x64 C:/devkitPro/libctru/lib\libctru.a(fs.o)
                0x0010bb84                FSFILE_Read
 .text.FSFILE_Write
                0x0010bbe8       0x6c C:/devkitPro/libctru/lib\libctru.a(fs.o)
                0x0010bbe8                FSFILE_Write
 .text.FSFILE_GetSize
                0x0010bc54       0x44 C:/devkitPro/libctru/lib\libctru.a(fs.o)
                0x0010bc54                FSFILE_GetSize
 .text.FSFILE_SetSize
                0x0010bc98       0x28 C:/devkitPro/libctru/lib\libctru.a(fs.o)
                0x0010bc98                FSFILE_SetSize
 .text.FSFILE_Close
                0x0010bcc0       0x3c C:/devkitPro/libctru/lib\libctru.a(fs.o)
                0x0010bcc0                FSFILE_Close
 .text.FSFILE_Flush
                0x0010bcfc       0x24 C:/devkitPro/libctru/lib\libctru.a(fs.o)
                0x0010bcfc                FSFILE_Flush
 .text.FSDIR_Read
                0x0010bd20       0x60 C:/devkitPro/libctru/lib\libctru.a(fs.o)
                0x0010bd20                FSDIR_Read
 .text.FSDIR_Close
                0x0010bd80       0x3c C:/devkitPro/libctru/lib\libctru.a(fs.o)
                0x0010bd80                FSDIR_Close
 .text.gspHardwareInit
                0x0010bdbc      0xc70 C:/devkitPro/libctru/lib\libctru.a(gspgpu.o)
 .text.gspInit  0x0010ca2c      0x288 C:/devkitPro/libctru/lib\libctru.a(gspgpu.o)
                0x0010ca2c                gspInit
 .text.gspExit  0x0010ccb4      0x104 C:/devkitPro/libctru/lib\libctru.a(gspgpu.o)
                0x0010ccb4                gspExit
 .text.gspHasGpuRight
                0x0010cdb8       0x10 C:/devkitPro/libctru/lib\libctru.a(gspgpu.o)
                0x0010cdb8                gspHasGpuRight
 .text.gspPresentBuffer
                0x0010cdc8       0xa4 C:/devkitPro/libctru/lib\libctru.a(gspgpu.o)
                0x0010cdc8                gspPresentBuffer
 .text.gspSetEventCallback
                0x0010ce6c       0x30 C:/devkitPro/libctru/lib\libctru.a(gspgpu.o)
                0x0010ce6c                gspSetEventCallback
 .text.gspWaitForEvent
                0x0010ce9c       0x50 C:/devkitPro/libctru/lib\libctru.a(gspgpu.o)
                0x0010ce9c                gspWaitForEvent
 .text.gspWaitForAnyEvent
                0x0010ceec       0x4c C:/devkitPro/libctru/lib\libctru.a(gspgpu.o)
                0x0010ceec                gspWaitForAnyEvent
 .text.gspEventThreadMain
                0x0010cf38      0x154 C:/devkitPro/libctru/lib\libctru.a(gspgpu.o)
 .text.gspSubmitGxCommand
                0x0010d08c      0x12c C:/devkitPro/libctru/lib\libctru.a(gspgpu.o)
                0x0010d08c                gspSubmitGxCommand
 .text.GSPGPU_FlushDataCache
                0x0010d1b8       0x50 C:/devkitPro/libctru/lib\libctru.a(gspgpu.o)
                0x0010d1b8                GSPGPU_FlushDataCache
 .text.GSPGPU_SetLcdForceBlack
                0x0010d208       0x34 C:/devkitPro/libctru/lib\libctru.a(gspgpu.o)
                0x0010d208                GSPGPU_SetLcdForceBlack
 .text.GSPGPU_AcquireRight
                0x0010d23c       0x84 C:/devkitPro/libctru/lib\libctru.a(gspgpu.o)
                0x0010d23c                GSPGPU_AcquireRight
 .text.GSPGPU_ReleaseRight
                0x0010d2c0       0x64 C:/devkitPro/libctru/lib\libctru.a(gspgpu.o)
                0x0010d2c0                GSPGPU_ReleaseRight
 .text.GSPGPU_ImportDisplayCaptureInfo
                0x0010d324       0x7c C:/devkitPro/libctru/lib\libctru.a(gspgpu.o)
                0x0010d324                GSPGPU_ImportDisplayCaptureInfo
 .text.GSPGPU_SaveVramSysArea
                0x0010d3a0       0x2c C:/devkitPro/libctru/lib\libctru.a(gspgpu.o)
                0x0010d3a0                GSPGPU_SaveVramSysArea
 .text.GSPGPU_RestoreVramSysArea
                0x0010d3cc       0x2c C:/devkitPro/libctru/lib\libctru.a(gspgpu.o)
                0x0010d3cc                GSPGPU_RestoreVramSysArea
 .text.hidShouldUseIrrst
                0x0010d3f8       0x24 C:/devkitPro/libctru/lib\libctru.a(hid.o)
                0x0010d3f8                hidShouldUseIrrst
 .text.hidInit  0x0010d41c      0x1cc C:/devkitPro/libctru/lib\libctru.a(hid.o)
                0x0010d41c                hidInit
 .text.hidExit  0x0010d5e8       0xe8 C:/devkitPro/libctru/lib\libctru.a(hid.o)
                0x0010d5e8                hidExit
 .text.hidScanInput
                0x0010d6d0      0x2a0 C:/devkitPro/libctru/lib\libctru.a(hid.o)
                0x0010d6d0                hidScanInput
 .text.hidKeysDown
                0x0010d970       0x10 C:/devkitPro/libctru/lib\libctru.a(hid.o)
                0x0010d970                hidKeysDown
 .text.irrstInit
                0x0010d980      0x1a4 C:/devkitPro/libctru/lib\libctru.a(irrst.o)
                0x0010d980                irrstInit
 .text.irrstExit
                0x0010db24       0xdc C:/devkitPro/libctru/lib\libctru.a(irrst.o)
                0x0010db24                irrstExit
 .text.irrstScanInput
                0x0010dc00       0xb4 C:/devkitPro/libctru/lib\libctru.a(irrst.o)
                0x0010dc00                irrstScanInput
 .text.irrstKeysHeld
                0x0010dcb4       0x24 C:/devkitPro/libctru/lib\libctru.a(irrst.o)
                0x0010dcb4                irrstKeysHeld
 .text.ptmSysmInit
                0x0010dcd8       0x78 C:/devkitPro/libctru/lib\libctru.a(ptmsysm.o)
                0x0010dcd8                ptmSysmInit
 .text.ptmSysmExit
                0x0010dd50       0x3c C:/devkitPro/libctru/lib\libctru.a(ptmsysm.o)
                0x0010dd50                ptmSysmExit
 .text.PTMSYSM_ConfigureNew3DSCPU
                0x0010dd8c       0x34 C:/devkitPro/libctru/lib\libctru.a(ptmsysm.o)
                0x0010dd8c                PTMSYSM_ConfigureNew3DSCPU
 .text.srvPmGetSessionHandle
                0x0010ddc0        0xc C:/devkitPro/libctru/lib\libctru.a(srvpm.o)
                0x0010ddc0                srvPmGetSessionHandle
 .text.connect  0x0010ddcc      0x174 C:/devkitPro/libctru/lib\libctru.a(soc_connect.o)
                0x0010ddcc                connect
 .text.gethostbyname
                0x0010df40      0x154 C:/devkitPro/libctru/lib\libctru.a(soc_gethostbyname.o)
                0x0010df40                gethostbyname
 .text.soc_read
                0x0010e094       0x34 C:/devkitPro/libctru/lib\libctru.a(soc_init.o)
 .text.soc_write
                0x0010e0c8       0x34 C:/devkitPro/libctru/lib\libctru.a(soc_init.o)
 .text.soc_close
                0x0010e0fc       0xb0 C:/devkitPro/libctru/lib\libctru.a(soc_init.o)
 .text.socInit  0x0010e1ac      0x190 C:/devkitPro/libctru/lib\libctru.a(soc_init.o)
                0x0010e1ac                socInit
 .text.socExit  0x0010e33c       0x88 C:/devkitPro/libctru/lib\libctru.a(soc_init.o)
                0x0010e33c                socExit
 .text.socuipc_cmd7
                0x0010e3c4      0x148 C:/devkitPro/libctru/lib\libctru.a(soc_recvfrom.o)
                0x0010e3c4                socuipc_cmd7
 .text.socuipc_cmd8
                0x0010e50c      0x168 C:/devkitPro/libctru/lib\libctru.a(soc_recvfrom.o)
                0x0010e50c                socuipc_cmd8
 .text.soc_recvfrom
                0x0010e674       0x10 C:/devkitPro/libctru/lib\libctru.a(soc_recvfrom.o)
                0x0010e674                soc_recvfrom
 .text.socuipc_cmd9
                0x0010e684      0x15c C:/devkitPro/libctru/lib\libctru.a(soc_sendto.o)
                0x0010e684                socuipc_cmd9
 .text.socuipc_cmda
                0x0010e7e0      0x160 C:/devkitPro/libctru/lib\libctru.a(soc_sendto.o)
                0x0010e7e0                socuipc_cmda
 .text.soc_sendto
                0x0010e940       0x10 C:/devkitPro/libctru/lib\libctru.a(soc_sendto.o)
                0x0010e940                soc_sendto
 .text.socket   0x0010e950      0x16c C:/devkitPro/libctru/lib\libctru.a(soc_socket.o)
                0x0010e950                socket
 .text.rbtree_find
                0x0010eabc       0x74 C:/devkitPro/libctru/lib\libctru.a(rbtree_find.o)
                0x0010eabc                rbtree_find
 .text.rbtree_init
                0x0010eb30       0x10 C:/devkitPro/libctru/lib\libctru.a(rbtree_init.o)
                0x0010eb30                rbtree_init
 .text.do_insert
                0x0010eb40      0x198 C:/devkitPro/libctru/lib\libctru.a(rbtree_insert.o)
 .text.rbtree_insert
                0x0010ecd8        0x8 C:/devkitPro/libctru/lib\libctru.a(rbtree_insert.o)
                0x0010ecd8                rbtree_insert
 .text.rbtree_remove
                0x0010ece0      0x310 C:/devkitPro/libctru/lib\libctru.a(rbtree_remove.o)
                0x0010ece0                rbtree_remove
 .text.rbtree_rotate
                0x0010eff0       0x90 C:/devkitPro/libctru/lib\libctru.a(rbtree_rotate.o)
                0x0010eff0                rbtree_rotate
 .text.decode_utf8
                0x0010f080      0x140 C:/devkitPro/libctru/lib\libctru.a(decode_utf8.o)
                0x0010f080                decode_utf8
 .text.utf16_to_utf8
                0x0010f1c0       0xe8 C:/devkitPro/libctru/lib\libctru.a(utf16_to_utf8.o)
                0x0010f1c0                utf16_to_utf8
 .text.utf8_to_utf16
                0x0010f2a8       0xc0 C:/devkitPro/libctru/lib\libctru.a(utf8_to_utf16.o)
                0x0010f2a8                utf8_to_utf16
 .text.__system_allocateHeaps
                0x0010f368      0x1e8 C:/devkitPro/libctru/lib\libctru.a(allocateHeaps.o)
                0x0010f368                __system_allocateHeaps
 .text.__libctru_init
                0x0010f550       0x38 C:/devkitPro/libctru/lib\libctru.a(ctru_init.o)
                0x0010f550                __libctru_init
 .text.__system_initArgv
                0x0010f588      0x16c C:/devkitPro/libctru/lib\libctru.a(initArgv.o)
                0x0010f588                __system_initArgv
 .text.__syscall_getreent
                0x0010f6f4       0x30 C:/devkitPro/libctru/lib\libctru.a(syscalls.o)
                0x0010f6f4                __syscall_getreent
 .text.__syscall_lock_acquire
                0x0010f724        0x4 C:/devkitPro/libctru/lib\libctru.a(syscalls.o)
                0x0010f724                __syscall_lock_acquire
 .text.__syscall_lock_release
                0x0010f728        0x4 C:/devkitPro/libctru/lib\libctru.a(syscalls.o)
                0x0010f728                __syscall_lock_release
 .text.__syscall_lock_acquire_recursive
                0x0010f72c        0x4 C:/devkitPro/libctru/lib\libctru.a(syscalls.o)
                0x0010f72c                __syscall_lock_acquire_recursive
 .text.__syscall_lock_release_recursive
                0x0010f730        0x4 C:/devkitPro/libctru/lib\libctru.a(syscalls.o)
                0x0010f730                __syscall_lock_release_recursive
 .text.__syscall_exit
                0x0010f734        0x4 C:/devkitPro/libctru/lib\libctru.a(syscalls.o)
                0x0010f734                __syscall_exit
 .text.initThreadVars
                0x0010f738       0x54 C:/devkitPro/libctru/lib\libctru.a(syscalls.o)
                0x0010f738                initThreadVars
 .text.__system_initSyscalls
                0x0010f78c       0x80 C:/devkitPro/libctru/lib\libctru.a(syscalls.o)
                0x0010f78c                __system_initSyscalls
 .text.svcControlMemory
                0x0010f80c       0x20 C:/devkitPro/libctru/lib\libctru.a(svc.o)
                0x0010f80c                svcControlMemory
 .text.svcQueryMemory
                0x0010f82c       0x30 C:/devkitPro/libctru/lib\libctru.a(svc.o)
                0x0010f82c                svcQueryMemory
 .text.svcExitProcess
                0x0010f85c        0x8 C:/devkitPro/libctru/lib\libctru.a(svc.o)
                0x0010f85c                svcExitProcess
 .text.svcCreateThread
                0x0010f864       0x20 C:/devkitPro/libctru/lib\libctru.a(svc.o)
                0x0010f864                svcCreateThread
 .text.svcExitThread
                0x0010f884        0x8 C:/devkitPro/libctru/lib\libctru.a(svc.o)
                0x0010f884                svcExitThread
 .text.svcSleepThread
                0x0010f88c        0x8 C:/devkitPro/libctru/lib\libctru.a(svc.o)
                0x0010f88c                svcSleepThread
 .text.svcReleaseMutex
                0x0010f894        0x8 C:/devkitPro/libctru/lib\libctru.a(svc.o)
                0x0010f894                svcReleaseMutex
 .text.svcCreateEvent
                0x0010f89c       0x14 C:/devkitPro/libctru/lib\libctru.a(svc.o)
                0x0010f89c                svcCreateEvent
 .text.svcSignalEvent
                0x0010f8b0        0x8 C:/devkitPro/libctru/lib\libctru.a(svc.o)
                0x0010f8b0                svcSignalEvent
 .text.svcClearEvent
                0x0010f8b8        0x8 C:/devkitPro/libctru/lib\libctru.a(svc.o)
                0x0010f8b8                svcClearEvent
 .text.svcCreateMemoryBlock
                0x0010f8c0       0x18 C:/devkitPro/libctru/lib\libctru.a(svc.o)
                0x0010f8c0                svcCreateMemoryBlock
 .text.svcMapMemoryBlock
                0x0010f8d8        0x8 C:/devkitPro/libctru/lib\libctru.a(svc.o)
                0x0010f8d8                svcMapMemoryBlock
 .text.svcUnmapMemoryBlock
                0x0010f8e0        0x8 C:/devkitPro/libctru/lib\libctru.a(svc.o)
                0x0010f8e0                svcUnmapMemoryBlock
 .text.svcCreateAddressArbiter
                0x0010f8e8       0x14 C:/devkitPro/libctru/lib\libctru.a(svc.o)
                0x0010f8e8                svcCreateAddressArbiter
 .text.svcArbitrateAddressNoTimeout
                0x0010f8fc        0x8 C:/devkitPro/libctru/lib\libctru.a(svc.o)
                0x0010f8fc                svcArbitrateAddressNoTimeout
 .text.svcCloseHandle
                0x0010f904        0x8 C:/devkitPro/libctru/lib\libctru.a(svc.o)
                0x0010f904                svcCloseHandle
 .text.svcWaitSynchronization
                0x0010f90c        0x8 C:/devkitPro/libctru/lib\libctru.a(svc.o)
                0x0010f90c                svcWaitSynchronization
 .text.svcWaitSynchronizationN
                0x0010f914       0x28 C:/devkitPro/libctru/lib\libctru.a(svc.o)
                0x0010f914                svcWaitSynchronizationN
 .text.svcDuplicateHandle
                0x0010f93c       0x14 C:/devkitPro/libctru/lib\libctru.a(svc.o)
                0x0010f93c                svcDuplicateHandle
 .text.svcGetSystemTick
                0x0010f950        0x8 C:/devkitPro/libctru/lib\libctru.a(svc.o)
                0x0010f950                svcGetSystemTick
 .text.svcConnectToPort
                0x0010f958       0x14 C:/devkitPro/libctru/lib\libctru.a(svc.o)
                0x0010f958                svcConnectToPort
 .text.svcSendSyncRequest
                0x0010f96c        0x8 C:/devkitPro/libctru/lib\libctru.a(svc.o)
                0x0010f96c                svcSendSyncRequest
 .text.svcGetResourceLimit
                0x0010f974       0x14 C:/devkitPro/libctru/lib\libctru.a(svc.o)
                0x0010f974                svcGetResourceLimit
 .text.svcGetResourceLimitLimitValues
                0x0010f988        0x8 C:/devkitPro/libctru/lib\libctru.a(svc.o)
                0x0010f988                svcGetResourceLimitLimitValues
 .text.svcGetResourceLimitCurrentValues
                0x0010f990        0x8 C:/devkitPro/libctru/lib\libctru.a(svc.o)
                0x0010f990                svcGetResourceLimitCurrentValues
 .text.svcBreak
                0x0010f998        0x8 C:/devkitPro/libctru/lib\libctru.a(svc.o)
                0x0010f998                svcBreak
 .text.__aeabi_read_tp
                0x0010f9a0        0xc C:/devkitPro/libctru/lib\libctru.a(readtp.o)
                0x0010f9a0                __aeabi_read_tp
 .text.initSystem
                0x0010f9ac       0x50 C:/devkitPro/libctru/lib\libctru.a(stack_adjust.o)
                0x0010f9ac                initSystem
 .text.__ctru_exit
                0x0010f9fc       0x14 C:/devkitPro/libctru/lib\libctru.a(stack_adjust.o)
                0x0010f9fc                __ctru_exit
 .text.envGetHandle
                0x0010fa10       0x8c C:/devkitPro/libctru/lib\libctru.a(env.o)
                0x0010fa10                envGetHandle
 .text.envDestroyHandles
                0x0010fa9c       0x50 C:/devkitPro/libctru/lib\libctru.a(env.o)
                0x0010fa9c                envDestroyHandles
 .text.__sync_init
                0x0010faec        0xc C:/devkitPro/libctru/lib\libctru.a(synchronization.o)
                0x0010faec                __sync_init
 .text.__sync_fini
                0x0010faf8       0x18 C:/devkitPro/libctru/lib\libctru.a(synchronization.o)
                0x0010faf8                __sync_fini
 .text.syncArbitrateAddress
                0x0010fb10       0x28 C:/devkitPro/libctru/lib\libctru.a(synchronization.o)
                0x0010fb10                syncArbitrateAddress
 .text.LightLock_Lock
                0x0010fb38       0xac C:/devkitPro/libctru/lib\libctru.a(synchronization.o)
                0x0010fb38                LightLock_Lock
 .text.LightLock_Unlock
                0x0010fbe4       0x40 C:/devkitPro/libctru/lib\libctru.a(synchronization.o)
                0x0010fbe4                LightLock_Unlock
 .text.RecursiveLock_Lock
                0x0010fc24       0x54 C:/devkitPro/libctru/lib\libctru.a(synchronization.o)
                0x0010fc24                RecursiveLock_Lock
 .text.RecursiveLock_Unlock
                0x0010fc78       0x54 C:/devkitPro/libctru/lib\libctru.a(synchronization.o)
                0x0010fc78                RecursiveLock_Unlock
 .text.LightEvent_Init
                0x0010fccc       0x44 C:/devkitPro/libctru/lib\libctru.a(synchronization.o)
                0x0010fccc                LightEvent_Init
 .text.LightEvent_Clear
                0x0010fd10       0xb8 C:/devkitPro/libctru/lib\libctru.a(synchronization.o)
                0x0010fd10                LightEvent_Clear
 .text.LightEvent_Signal
                0x0010fdc8       0xdc C:/devkitPro/libctru/lib\libctru.a(synchronization.o)
                0x0010fdc8                LightEvent_Signal
 .text.LightEvent_TryWait
                0x0010fea4       0x50 C:/devkitPro/libctru/lib\libctru.a(synchronization.o)
                0x0010fea4                LightEvent_TryWait
 .text.LightEvent_Wait
                0x0010fef4       0xac C:/devkitPro/libctru/lib\libctru.a(synchronization.o)
                0x0010fef4                LightEvent_Wait
 .text.threadCreate
                0x0010ffa0      0x1fc C:/devkitPro/libctru/lib\libctru.a(thread.o)
                0x0010ffa0                threadCreate
 .text.threadFree
                0x0011019c       0x38 C:/devkitPro/libctru/lib\libctru.a(thread.o)
                0x0011019c                threadFree
 .text.threadJoin
                0x001101d4       0x24 C:/devkitPro/libctru/lib\libctru.a(thread.o)
                0x001101d4                threadJoin
 .text.threadGetCurrent
                0x001101f8       0x30 C:/devkitPro/libctru/lib\libctru.a(thread.o)
                0x001101f8                threadGetCurrent
 .text.threadExit
                0x00110228       0x40 C:/devkitPro/libctru/lib\libctru.a(thread.o)
                0x00110228                threadExit
 .text._thread_begin
                0x00110268       0x20 C:/devkitPro/libctru/lib\libctru.a(thread.o)
 .text.mappableFindAddressWithin
                0x00110288       0x90 C:/devkitPro/libctru/lib\libctru.a(mappable.o)
 .text.mappableInit
                0x00110318       0x28 C:/devkitPro/libctru/lib\libctru.a(mappable.o)
                0x00110318                mappableInit
 .text.mappableAlloc
                0x00110340       0x7c C:/devkitPro/libctru/lib\libctru.a(mappable.o)
                0x00110340                mappableAlloc
 .text.mappableFree
                0x001103bc        0x4 C:/devkitPro/libctru/lib\libctru.a(mappable.o)
                0x001103bc                mappableFree
 .text._net_convert_error
                0x001103c0       0x3c C:/devkitPro/libctru/lib\libctru.a(soc_common.o)
                0x001103c0                _net_convert_error
 .text.rbtree_node_next
                0x001103fc       0x60 C:/devkitPro/libctru/lib\libctru.a(rbtree_iterator.o)
                0x001103fc                rbtree_node_next
 .text.decode_utf16
                0x0011045c       0x54 C:/devkitPro/libctru/lib\libctru.a(decode_utf16.o)
                0x0011045c                decode_utf16
 .text.encode_utf16
                0x001104b0       0x54 C:/devkitPro/libctru/lib\libctru.a(encode_utf16.o)
                0x001104b0                encode_utf16
 .text.encode_utf8
                0x00110504       0xe0 C:/devkitPro/libctru/lib\libctru.a(encode_utf8.o)
                0x00110504                encode_utf8
 .text.__appExit
                0x001105e4       0x30 C:/devkitPro/libctru/lib\libctru.a(appExit.o)
                0x001105e4                __appExit
 .text.__appInit
                0x00110614       0x30 C:/devkitPro/libctru/lib\libctru.a(appInit.o)
                0x00110614                __appInit
 .text.__libctru_exit
                0x00110644       0x90 C:/devkitPro/libctru/lib\libctru.a(ctru_exit.o)
                0x00110644                __libctru_exit
 .text.error_cmp
                0x001106d4       0x24 C:/devkitPro/libctru/lib\libctru.a(archive_dev.o)
 .text.archive_translate_error
                0x001106f8       0x50 C:/devkitPro/libctru/lib\libctru.a(archive_dev.o)
 .text.archive_seek
                0x00110748       0xc0 C:/devkitPro/libctru/lib\libctru.a(archive_dev.o)
 .text._archiveInit.part.0
                0x00110808       0x78 C:/devkitPro/libctru/lib\libctru.a(archive_dev.o)
 .text.archiveFindDevice.part.0
                0x00110880      0x110 C:/devkitPro/libctru/lib\libctru.a(archive_dev.o)
 .text.archive_utf16path
                0x00110990      0x298 C:/devkitPro/libctru/lib\libctru.a(archive_dev.o)
 .text._archiveUnmountDeviceStruct.part.0
                0x00110c28       0x98 C:/devkitPro/libctru/lib\libctru.a(archive_dev.o)
 .text._archiveMountDevice
                0x00110cc0      0x178 C:/devkitPro/libctru/lib\libctru.a(archive_dev.o)
 .text.archive_diropen
                0x00110e38       0xf8 C:/devkitPro/libctru/lib\libctru.a(archive_dev.o)
 .text.archive_fstat
                0x00110f30       0xac C:/devkitPro/libctru/lib\libctru.a(archive_dev.o)
 .text.archive_fsync
                0x00110fdc       0x74 C:/devkitPro/libctru/lib\libctru.a(archive_dev.o)
 .text.archive_close
                0x00111050       0x74 C:/devkitPro/libctru/lib\libctru.a(archive_dev.o)
 .text.archive_dirclose
                0x001110c4       0x78 C:/devkitPro/libctru/lib\libctru.a(archive_dev.o)
 .text.sdmc_statvfs
                0x0011113c       0xec C:/devkitPro/libctru/lib\libctru.a(archive_dev.o)
 .text.archive_chdir
                0x00111228       0xf8 C:/devkitPro/libctru/lib\libctru.a(archive_dev.o)
 .text.archive_ftruncate
                0x00111320       0x8c C:/devkitPro/libctru/lib\libctru.a(archive_dev.o)
 .text.archive_read
                0x001113ac       0xbc C:/devkitPro/libctru/lib\libctru.a(archive_dev.o)
 .text.archive_unlink
                0x00111468       0xa8 C:/devkitPro/libctru/lib\libctru.a(archive_dev.o)
 .text.archive_rmdir
                0x00111510       0xc0 C:/devkitPro/libctru/lib\libctru.a(archive_dev.o)
 .text.archive_mkdir
                0x001115d0       0xd8 C:/devkitPro/libctru/lib\libctru.a(archive_dev.o)
 .text.archive_stat
                0x001116a8      0x1a0 C:/devkitPro/libctru/lib\libctru.a(archive_dev.o)
 .text.archive_dirnext
                0x00111848      0x164 C:/devkitPro/libctru/lib\libctru.a(archive_dev.o)
 .text.archive_write
                0x001119ac      0x13c C:/devkitPro/libctru/lib\libctru.a(archive_dev.o)
 .text.archive_open
                0x00111ae8      0x254 C:/devkitPro/libctru/lib\libctru.a(archive_dev.o)
 .text.archive_rename
                0x00111d3c      0x270 C:/devkitPro/libctru/lib\libctru.a(archive_dev.o)
 .text.archiveMountSdmc
                0x00111fac      0x1c8 C:/devkitPro/libctru/lib\libctru.a(archive_dev.o)
                0x00111fac                archiveMountSdmc
 .text.archiveUnmountAll
                0x00112174       0x54 C:/devkitPro/libctru/lib\libctru.a(archive_dev.o)
                0x00112174                archiveUnmountAll
 .text.ceilf    0x001121c8       0xc0 C:/devkitPro/devkitARM/bin/../lib/gcc/arm-none-eabi/16.1.0/../../../../arm-none-eabi/lib/armv6k/fpu\libm.a(libm_a-sf_ceil.o)
                0x001121c8                ceilf
 .text.__fixdfdi
                0x00112288       0x2c C:/devkitPro/devkitARM/bin/../lib/gcc/arm-none-eabi/16.1.0/armv6k/fpu\libgcc.a(_fixdfdi.o)
                0x00112288                __fixdfdi
                0x00112288                __aeabi_d2lz
 *fill*         0x001122b4        0x4 
 .text.__fixunsdfdi
                0x001122b8       0x40 C:/devkitPro/devkitARM/bin/../lib/gcc/arm-none-eabi/16.1.0/armv6k/fpu\libgcc.a(_fixunsdfdi.o)
                0x001122b8                __fixunsdfdi
                0x001122b8                __aeabi_d2ulz
 .text.__udivmoddi4
                0x001122f8      0x130 C:/devkitPro/devkitARM/bin/../lib/gcc/arm-none-eabi/16.1.0/armv6k/fpu\libgcc.a(_udivmoddi4.o)
                0x001122f8                __udivmoddi4
 .text.strncat  0x00112428       0xe4 C:/devkitPro/devkitARM/bin/../lib/gcc/arm-none-eabi/16.1.0/../../../../arm-none-eabi/lib/armv6k/fpu\libg.a(libc_a-strncat.o)
                0x00112428                strncat
 .text.sscanf   0x0011250c       0x78 C:/devkitPro/devkitARM/bin/../lib/gcc/arm-none-eabi/16.1.0/../../../../arm-none-eabi/lib/armv6k/fpu\libg.a(libc_a-sscanf.o)
                0x0011250c                sscanf
 .text.critical_factorization
                0x00112584      0x130 C:/devkitPro/devkitARM/bin/../lib/gcc/arm-none-eabi/16.1.0/../../../../arm-none-eabi/lib/armv6k/fpu\libg.a(libc_a-strstr.o)
 .text.two_way_long_needle
                0x001126b4      0x33c C:/devkitPro/devkitARM/bin/../lib/gcc/arm-none-eabi/16.1.0/../../../../arm-none-eabi/lib/armv6k/fpu\libg.a(libc_a-strstr.o)
 .text.strstr   0x001129f0      0x238 C:/devkitPro/devkitARM/bin/../lib/gcc/arm-none-eabi/16.1.0/../../../../arm-none-eabi/lib/armv6k/fpu\libg.a(libc_a-strstr.o)
                0x001129f0                strstr
 .text.memcpy   0x00112c28      0x128 C:/devkitPro/devkitARM/bin/../lib/gcc/arm-none-eabi/16.1.0/../../../../arm-none-eabi/lib/armv6k/fpu\libg.a(libc_a-memcpy-stub.o)
                0x00112c28                memcpy
 .text.strlen   0x00112d50       0x8c C:/devkitPro/devkitARM/bin/../lib/gcc/arm-none-eabi/16.1.0/../../../../arm-none-eabi/lib/armv6k/fpu\libg.a(libc_a-strlen.o)
                0x00112d50                strlen
 .text.bsearch  0x00112ddc       0x78 C:/devkitPro/devkitARM/bin/../lib/gcc/arm-none-eabi/16.1.0/../../../../arm-none-eabi/lib/armv6k/fpu\libg.a(libc_a-bsearch.o)
                0x00112ddc                bsearch
 .text.get_arg  0x00112e54       0x50 C:/devkitPro/devkitARM/bin/../lib/gcc/arm-none-eabi/16.1.0/../../../../arm-none-eabi/lib/armv6k/fpu\libg.a(libc_a-svfscanf.o)
 .text.__ssvfscanf_r
                0x00112ea4     0x2b88 C:/devkitPro/devkitARM/bin/../lib/gcc/arm-none-eabi/16.1.0/../../../../arm-none-eabi/lib/armv6k/fpu\libg.a(libc_a-svfscanf.o)
                0x00112ea4                __ssvfscanf_r
 .text._fopen_r
                0x00115a2c      0x134 C:/devkitPro/devkitARM/bin/../lib/gcc/arm-none-eabi/16.1.0/../../../../arm-none-eabi/lib/armv6k/fpu\libg.a(libc_a-fopen.o)
                0x00115a2c                _fopen_r
 .text.fopen    0x00115b60       0x28 C:/devkitPro/devkitARM/bin/../lib/gcc/arm-none-eabi/16.1.0/../../../../arm-none-eabi/lib/armv6k/fpu\libg.a(libc_a-fopen.o)
                0x00115b60                fopen
 .text.sulp     0x00115b88       0x60 C:/devkitPro/devkitARM/bin/../lib/gcc/arm-none-eabi/16.1.0/../../../../arm-none-eabi/lib/armv6k/fpu\libg.a(libc_a-strtod.o)
 .text._strtod_l
                0x00115be8     0x1428 C:/devkitPro/devkitARM/bin/../lib/gcc/arm-none-eabi/16.1.0/../../../../arm-none-eabi/lib/armv6k/fpu\libg.a(libc_a-strtod.o)
                0x00115be8                _strtod_l
 .text._strtod_r
                0x00117010       0x44 C:/devkitPro/devkitARM/bin/../lib/gcc/arm-none-eabi/16.1.0/../../../../arm-none-eabi/lib/armv6k/fpu\libg.a(libc_a-strtod.o)
                0x00117010                _strtod_r
 .text.close    0x00117054       0x20 C:/devkitPro/devkitARM/bin/../lib/gcc/arm-none-eabi/16.1.0/../../../../arm-none-eabi/lib/armv6k/fpu\libg.a(libc_a-sysclose.o)
                0x00117054                close
 .text.memalign
                0x00117074       0x28 C:/devkitPro/devkitARM/bin/../lib/gcc/arm-none-eabi/16.1.0/../../../../arm-none-eabi/lib/armv6k/fpu\libg.a(libc_a-malign.o)
                0x00117074                memalign
 .text._strtoull_l.isra.0
                0x0011709c      0x264 C:/devkitPro/devkitARM/bin/../lib/gcc/arm-none-eabi/16.1.0/../../../../arm-none-eabi/lib/armv6k/fpu\libg.a(libc_a-strtoull.o)
 .text._strtoull_r
                0x00117300       0x38 C:/devkitPro/devkitARM/bin/../lib/gcc/arm-none-eabi/16.1.0/../../../../arm-none-eabi/lib/armv6k/fpu\libg.a(libc_a-strtoull.o)
                0x00117300                _strtoull_r
 .text.rshift   0x00117338       0xf4 C:/devkitPro/devkitARM/bin/../lib/gcc/arm-none-eabi/16.1.0/../../../../arm-none-eabi/lib/armv6k/fpu\libg.a(libc_a-gdtoa-gethex.o)
 .text.__gethex
                0x0011742c      0x8b4 C:/devkitPro/devkitARM/bin/../lib/gcc/arm-none-eabi/16.1.0/../../../../arm-none-eabi/lib/armv6k/fpu\libg.a(libc_a-gdtoa-gethex.o)
                0x0011742c                __gethex
 .text.snprintf
                0x00117ce0       0xa0 C:/devkitPro/devkitARM/bin/../lib/gcc/arm-none-eabi/16.1.0/../../../../arm-none-eabi/lib/armv6k/fpu\libg.a(libc_a-snprintf.o)
                0x00117ce0                snprintf
 .text._strtoul_l.isra.0
                0x00117d80      0x1ec C:/devkitPro/devkitARM/bin/../lib/gcc/arm-none-eabi/16.1.0/../../../../arm-none-eabi/lib/armv6k/fpu\libg.a(libc_a-strtoul.o)
 .text._strtoul_r
                0x00117f6c       0x38 C:/devkitPro/devkitARM/bin/../lib/gcc/arm-none-eabi/16.1.0/../../../../arm-none-eabi/lib/armv6k/fpu\libg.a(libc_a-strtoul.o)
                0x00117f6c                _strtoul_r
 .text.strtoul  0x00117fa4       0x3c C:/devkitPro/devkitARM/bin/../lib/gcc/arm-none-eabi/16.1.0/../../../../arm-none-eabi/lib/armv6k/fpu\libg.a(libc_a-strtoul.o)
                0x00117fa4                strtoul
 .text._mbrtowc_r
                0x00117fe0       0xc4 C:/devkitPro/devkitARM/bin/../lib/gcc/arm-none-eabi/16.1.0/../../../../arm-none-eabi/lib/armv6k/fpu\libg.a(libc_a-mbrtowc.o)
                0x00117fe0                _mbrtowc_r
 .text.strchr   0x001180a4      0x140 C:/devkitPro/devkitARM/bin/../lib/gcc/arm-none-eabi/16.1.0/../../../../arm-none-eabi/lib/armv6k/fpu\libg.a(libc_a-strchr.o)
                0x001180a4                strchr
 .text.memcmp   0x001181e4       0xd8 C:/devkitPro/devkitARM/bin/../lib/gcc/arm-none-eabi/16.1.0/../../../../arm-none-eabi/lib/armv6k/fpu\libg.a(libc_a-memcmp.o)
                0x001181e4                memcmp
 .text._fgets_r
                0x001182bc      0x198 C:/devkitPro/devkitARM/bin/../lib/gcc/arm-none-eabi/16.1.0/../../../../arm-none-eabi/lib/armv6k/fpu\libg.a(libc_a-fgets.o)
                0x001182bc                _fgets_r
 .text.fgets    0x00118454       0x30 C:/devkitPro/devkitARM/bin/../lib/gcc/arm-none-eabi/16.1.0/../../../../arm-none-eabi/lib/armv6k/fpu\libg.a(libc_a-fgets.o)
                0x00118454                fgets
 .text.calloc   0x00118484       0x28 C:/devkitPro/devkitARM/bin/../lib/gcc/arm-none-eabi/16.1.0/../../../../arm-none-eabi/lib/armv6k/fpu\libg.a(libc_a-calloc.o)
                0x00118484                calloc
 .text.__sccl   0x001184ac       0xf8 C:/devkitPro/devkitARM/bin/../lib/gcc/arm-none-eabi/16.1.0/../../../../arm-none-eabi/lib/armv6k/fpu\libg.a(libc_a-sccl.o)
                0x001184ac                __sccl
 .text._memalign_r
                0x001185a4      0x16c C:/devkitPro/devkitARM/bin/../lib/gcc/arm-none-eabi/16.1.0/../../../../arm-none-eabi/lib/armv6k/fpu\libg.a(libc_a-malignr.o)
                0x001185a4                _memalign_r
 .text.__errno  0x00118710        0xc C:/devkitPro/devkitARM/bin/../lib/gcc/arm-none-eabi/16.1.0/../../../../arm-none-eabi/lib/armv6k/fpu\libg.a(libc_a-errno.o)
                0x00118710                __errno
 .text.__smakebuf_r
                0x0011871c      0x164 C:/devkitPro/devkitARM/bin/../lib/gcc/arm-none-eabi/16.1.0/../../../../arm-none-eabi/lib/armv6k/fpu\libg.a(libc_a-makebuf.o)
                0x0011871c                __smakebuf_r
 .text._strtoll_l.isra.0
                0x00118880      0x47c C:/devkitPro/devkitARM/bin/../lib/gcc/arm-none-eabi/16.1.0/../../../../arm-none-eabi/lib/armv6k/fpu\libg.a(libc_a-strtoll.o)
 .text._strtoll_r
                0x00118cfc       0x38 C:/devkitPro/devkitARM/bin/../lib/gcc/arm-none-eabi/16.1.0/../../../../arm-none-eabi/lib/armv6k/fpu\libg.a(libc_a-strtoll.o)
                0x00118cfc                _strtoll_r
 .text.__locale_mb_cur_max
                0x00118d34       0x24 C:/devkitPro/devkitARM/bin/../lib/gcc/arm-none-eabi/16.1.0/../../../../arm-none-eabi/lib/armv6k/fpu\libg.a(libc_a-locale.o)
                0x00118d34                __locale_mb_cur_max
 .text.memset   0x00118d58       0xe4 C:/devkitPro/devkitARM/bin/../lib/gcc/arm-none-eabi/16.1.0/../../../../arm-none-eabi/lib/armv6k/fpu\libg.a(libc_a-memset.o)
                0x00118d58                memset
 .text._calloc_r
                0x00118e3c       0xd8 C:/devkitPro/devkitARM/bin/../lib/gcc/arm-none-eabi/16.1.0/../../../../arm-none-eabi/lib/armv6k/fpu\libg.a(libc_a-callocr.o)
                0x00118e3c                _calloc_r
 .text.__sflush_r
                0x00118f14      0x22c C:/devkitPro/devkitARM/bin/../lib/gcc/arm-none-eabi/16.1.0/../../../../arm-none-eabi/lib/armv6k/fpu\libg.a(libc_a-fflush.o)
                0x00118f14                __sflush_r
 .text._fflush_r
                0x00119140       0xc4 C:/devkitPro/devkitARM/bin/../lib/gcc/arm-none-eabi/16.1.0/../../../../arm-none-eabi/lib/armv6k/fpu\libg.a(libc_a-fflush.o)
                0x00119140                _fflush_r
 .text.realloc  0x00119204       0x28 C:/devkitPro/devkitARM/bin/../lib/gcc/arm-none-eabi/16.1.0/../../../../arm-none-eabi/lib/armv6k/fpu\libg.a(libc_a-realloc.o)
                0x00119204                realloc
 .text.qsort    0x0011922c      0x8e8 C:/devkitPro/devkitARM/bin/../lib/gcc/arm-none-eabi/16.1.0/../../../../arm-none-eabi/lib/armv6k/fpu\libg.a(libc_a-qsort.o)
                0x0011922c                qsort
 .text._malloc_r
                0x00119b14      0x82c C:/devkitPro/devkitARM/bin/../lib/gcc/arm-none-eabi/16.1.0/../../../../arm-none-eabi/lib/armv6k/fpu\libg.a(libc_a-mallocr.o)
                0x00119b14                _malloc_r
 .text._malloc_trim_r
                0x0011a340      0x114 C:/devkitPro/devkitARM/bin/../lib/gcc/arm-none-eabi/16.1.0/../../../../arm-none-eabi/lib/armv6k/fpu\libg.a(libc_a-freer.o)
                0x0011a340                _malloc_trim_r
 .text._free_r  0x0011a454      0x314 C:/devkitPro/devkitARM/bin/../lib/gcc/arm-none-eabi/16.1.0/../../../../arm-none-eabi/lib/armv6k/fpu\libg.a(libc_a-freer.o)
                0x0011a454                _free_r
 .text._sungetc_r
                0x0011a768       0xe4 C:/devkitPro/devkitARM/bin/../lib/gcc/arm-none-eabi/16.1.0/../../../../arm-none-eabi/lib/armv6k/fpu\libg.a(libc_a-svfiscanf.o)
                0x0011a768                _sungetc_r
 .text.__ssrefill_r
                0x0011a84c       0x6c C:/devkitPro/devkitARM/bin/../lib/gcc/arm-none-eabi/16.1.0/../../../../arm-none-eabi/lib/armv6k/fpu\libg.a(libc_a-svfiscanf.o)
                0x0011a84c                __ssrefill_r
 .text._sfread_r
                0x0011a8b8       0xb4 C:/devkitPro/devkitARM/bin/../lib/gcc/arm-none-eabi/16.1.0/../../../../arm-none-eabi/lib/armv6k/fpu\libg.a(libc_a-svfiscanf.o)
                0x0011a8b8                _sfread_r
 .text.stdio_exit_handler
                0x0011a96c       0x1c C:/devkitPro/devkitARM/bin/../lib/gcc/arm-none-eabi/16.1.0/../../../../arm-none-eabi/lib/armv6k/fpu\libg.a(libc_a-findfp.o)
 .text.cleanup_stdio
                0x0011a988       0x5c C:/devkitPro/devkitARM/bin/../lib/gcc/arm-none-eabi/16.1.0/../../../../arm-none-eabi/lib/armv6k/fpu\libg.a(libc_a-findfp.o)
 .text.global_stdio_init.part.0
                0x0011a9e4      0x154 C:/devkitPro/devkitARM/bin/../lib/gcc/arm-none-eabi/16.1.0/../../../../arm-none-eabi/lib/armv6k/fpu\libg.a(libc_a-findfp.o)
 .text.__sfp    0x0011ab38      0x138 C:/devkitPro/devkitARM/bin/../lib/gcc/arm-none-eabi/16.1.0/../../../../arm-none-eabi/lib/armv6k/fpu\libg.a(libc_a-findfp.o)
                0x0011ab38                __sfp
 .text.__sinit  0x0011ac70       0x5c C:/devkitPro/devkitARM/bin/../lib/gcc/arm-none-eabi/16.1.0/../../../../arm-none-eabi/lib/armv6k/fpu\libg.a(libc_a-findfp.o)
                0x0011ac70                __sinit
 .text.__sfp_lock_acquire
                0x0011accc        0xc C:/devkitPro/devkitARM/bin/../lib/gcc/arm-none-eabi/16.1.0/../../../../arm-none-eabi/lib/armv6k/fpu\libg.a(libc_a-findfp.o)
                0x0011accc                __sfp_lock_acquire
 .text.__sfp_lock_release
                0x0011acd8        0xc C:/devkitPro/devkitARM/bin/../lib/gcc/arm-none-eabi/16.1.0/../../../../arm-none-eabi/lib/armv6k/fpu\libg.a(libc_a-findfp.o)
                0x0011acd8                __sfp_lock_release
 .text.atoi     0x0011ace4        0xc C:/devkitPro/devkitARM/bin/../lib/gcc/arm-none-eabi/16.1.0/../../../../arm-none-eabi/lib/armv6k/fpu\libg.a(libc_a-atoi.o)
                0x0011ace4                atoi
 .text._strtol_l.part.0
                0x0011acf0      0x384 C:/devkitPro/devkitARM/bin/../lib/gcc/arm-none-eabi/16.1.0/../../../../arm-none-eabi/lib/armv6k/fpu\libg.a(libc_a-strtol.o)
 .text._strtol_r
                0x0011b074       0x6c C:/devkitPro/devkitARM/bin/../lib/gcc/arm-none-eabi/16.1.0/../../../../arm-none-eabi/lib/armv6k/fpu\libg.a(libc_a-strtol.o)
                0x0011b074                _strtol_r
 .text.strtol   0x0011b0e0       0x74 C:/devkitPro/devkitARM/bin/../lib/gcc/arm-none-eabi/16.1.0/../../../../arm-none-eabi/lib/armv6k/fpu\libg.a(libc_a-strtol.o)
                0x0011b0e0                strtol
 .text.__libc_init_array
                0x0011b154       0x84 C:/devkitPro/devkitARM/bin/../lib/gcc/arm-none-eabi/16.1.0/../../../../arm-none-eabi/lib/armv6k/fpu\libg.a(libc_a-init.o)
                0x0011b154                __libc_init_array
 .text.strncpy  0x0011b1d8       0xd4 C:/devkitPro/devkitARM/bin/../lib/gcc/arm-none-eabi/16.1.0/../../../../arm-none-eabi/lib/armv6k/fpu\libg.a(libc_a-strncpy.o)
                0x0011b1d8                strncpy
 .text._fseek_r
                0x0011b2ac       0x1c C:/devkitPro/devkitARM/bin/../lib/gcc/arm-none-eabi/16.1.0/../../../../arm-none-eabi/lib/armv6k/fpu\libg.a(libc_a-fseek.o)
                0x0011b2ac                _fseek_r
 .text.malloc   0x0011b2c8       0x40 C:/devkitPro/devkitARM/bin/../lib/gcc/arm-none-eabi/16.1.0/../../../../arm-none-eabi/lib/armv6k/fpu\libg.a(libc_a-malloc.o)
                0x0011b2c8                malloc
 .text.free     0x0011b308       0x20 C:/devkitPro/devkitARM/bin/../lib/gcc/arm-none-eabi/16.1.0/../../../../arm-none-eabi/lib/armv6k/fpu\libg.a(libc_a-malloc.o)
                0x0011b308                free
 .text.memchr   0x0011b328       0xe8 C:/devkitPro/devkitARM/bin/../lib/gcc/arm-none-eabi/16.1.0/../../../../arm-none-eabi/lib/armv6k/fpu\libg.a(libc_a-memchr-stub.o)
                0x0011b328                memchr
 .text.write    0x0011b410       0x30 C:/devkitPro/devkitARM/bin/../lib/gcc/arm-none-eabi/16.1.0/../../../../arm-none-eabi/lib/armv6k/fpu\libg.a(libc_a-syswrite.o)
                0x0011b410                write
 .text._localeconv_r
                0x0011b440       0x24 C:/devkitPro/devkitARM/bin/../lib/gcc/arm-none-eabi/16.1.0/../../../../arm-none-eabi/lib/armv6k/fpu\libg.a(libc_a-localeconv.o)
                0x0011b440                _localeconv_r
 .text.__sread  0x0011b464       0x44 C:/devkitPro/devkitARM/bin/../lib/gcc/arm-none-eabi/16.1.0/../../../../arm-none-eabi/lib/armv6k/fpu\libg.a(libc_a-stdio.o)
                0x0011b464                __sread
 .text.__seofread
                0x0011b4a8        0x8 C:/devkitPro/devkitARM/bin/../lib/gcc/arm-none-eabi/16.1.0/../../../../arm-none-eabi/lib/armv6k/fpu\libg.a(libc_a-stdio.o)
                0x0011b4a8                __seofread
 .text.__swrite
                0x0011b4b0       0x68 C:/devkitPro/devkitARM/bin/../lib/gcc/arm-none-eabi/16.1.0/../../../../arm-none-eabi/lib/armv6k/fpu\libg.a(libc_a-stdio.o)
                0x0011b4b0                __swrite
 .text.__sseek  0x0011b518       0x40 C:/devkitPro/devkitARM/bin/../lib/gcc/arm-none-eabi/16.1.0/../../../../arm-none-eabi/lib/armv6k/fpu\libg.a(libc_a-stdio.o)
                0x0011b518                __sseek
 .text.__sclose
                0x0011b558        0x8 C:/devkitPro/devkitARM/bin/../lib/gcc/arm-none-eabi/16.1.0/../../../../arm-none-eabi/lib/armv6k/fpu\libg.a(libc_a-stdio.o)
                0x0011b558                __sclose
 .text._realloc_r
                0x0011b560      0x4f0 C:/devkitPro/devkitARM/bin/../lib/gcc/arm-none-eabi/16.1.0/../../../../arm-none-eabi/lib/armv6k/fpu\libg.a(libc_a-reallocr.o)
                0x0011b560                _realloc_r
 .text.__malloc_lock
                0x0011ba50        0xc C:/devkitPro/devkitARM/bin/../lib/gcc/arm-none-eabi/16.1.0/../../../../arm-none-eabi/lib/armv6k/fpu\libg.a(libc_a-mlock.o)
                0x0011ba50                __malloc_lock
 .text.__malloc_unlock
                0x0011ba5c        0xc C:/devkitPro/devkitARM/bin/../lib/gcc/arm-none-eabi/16.1.0/../../../../arm-none-eabi/lib/armv6k/fpu\libg.a(libc_a-mlock.o)
                0x0011ba5c                __malloc_unlock
 .text._fseeko_r
                0x0011ba68      0x588 C:/devkitPro/devkitARM/bin/../lib/gcc/arm-none-eabi/16.1.0/../../../../arm-none-eabi/lib/armv6k/fpu\libg.a(libc_a-fseeko.o)
                0x0011ba68                _fseeko_r
 .text._fclose_r
                0x0011bff0      0x148 C:/devkitPro/devkitARM/bin/../lib/gcc/arm-none-eabi/16.1.0/../../../../arm-none-eabi/lib/armv6k/fpu\libg.a(libc_a-fclose.o)
                0x0011bff0                _fclose_r
 .text.fclose   0x0011c138       0x20 C:/devkitPro/devkitARM/bin/../lib/gcc/arm-none-eabi/16.1.0/../../../../arm-none-eabi/lib/armv6k/fpu\libg.a(libc_a-fclose.o)
                0x0011c138                fclose
 .text.read     0x0011c158       0x30 C:/devkitPro/devkitARM/bin/../lib/gcc/arm-none-eabi/16.1.0/../../../../arm-none-eabi/lib/armv6k/fpu\libg.a(libc_a-sysread.o)
                0x0011c158                read
 .text.__call_exitprocs
                0x0011c188        0x4 C:/devkitPro/devkitARM/bin/../lib/gcc/arm-none-eabi/16.1.0/../../../../arm-none-eabi/lib/armv6k/fpu\libg.a(libc_a-exit.o)
                0x0011c188                __call_exitprocs
 .text.exit     0x0011c18c       0x30 C:/devkitPro/devkitARM/bin/../lib/gcc/arm-none-eabi/16.1.0/../../../../arm-none-eabi/lib/armv6k/fpu\libg.a(libc_a-exit.o)
                0x0011c18c                exit
 .text.get_arg  0x0011c1bc      0x5e0 C:/devkitPro/devkitARM/bin/../lib/gcc/arm-none-eabi/16.1.0/../../../../arm-none-eabi/lib/armv6k/fpu\libg.a(libc_a-svfprintf.o)
 *fill*         0x0011c79c        0x4 
 .text._svfprintf_r
                0x0011c7a0     0x345c C:/devkitPro/devkitARM/bin/../lib/gcc/arm-none-eabi/16.1.0/../../../../arm-none-eabi/lib/armv6k/fpu\libg.a(libc_a-svfprintf.o)
                0x0011c7a0                _svfprintf_r
 .text.__sflags
                0x0011fbfc       0xb8 C:/devkitPro/devkitARM/bin/../lib/gcc/arm-none-eabi/16.1.0/../../../../arm-none-eabi/lib/armv6k/fpu\libg.a(libc_a-flags.o)
                0x0011fbfc                __sflags
 .text.__utf8_wctomb
                0x0011fcb4       0xf8 C:/devkitPro/devkitARM/bin/../lib/gcc/arm-none-eabi/16.1.0/../../../../arm-none-eabi/lib/armv6k/fpu\libg.a(libc_a-wctomb_r.o)
                0x0011fcb4                __utf8_wctomb
 .text.__libc_fini_array
                0x0011fdac       0x3c C:/devkitPro/devkitARM/bin/../lib/gcc/arm-none-eabi/16.1.0/../../../../arm-none-eabi/lib/armv6k/fpu\libg.a(libc_a-fini.o)
                0x0011fdac                __libc_fini_array
 .text.strnlen  0x0011fde8       0x3c C:/devkitPro/devkitARM/bin/../lib/gcc/arm-none-eabi/16.1.0/../../../../arm-none-eabi/lib/armv6k/fpu\libg.a(libc_a-strnlen.o)
                0x0011fde8                strnlen
 .text.strncmp  0x0011fe24       0xd8 C:/devkitPro/devkitARM/bin/../lib/gcc/arm-none-eabi/16.1.0/../../../../arm-none-eabi/lib/armv6k/fpu\libg.a(libc_a-strncmp.o)
                0x0011fe24                strncmp
 .text.__match  0x0011fefc       0x70 C:/devkitPro/devkitARM/bin/../lib/gcc/arm-none-eabi/16.1.0/../../../../arm-none-eabi/lib/armv6k/fpu\libg.a(libc_a-gdtoa-hexnan.o)
                0x0011fefc                __match
 .text.__hexnan
                0x0011ff6c      0x2a8 C:/devkitPro/devkitARM/bin/../lib/gcc/arm-none-eabi/16.1.0/../../../../arm-none-eabi/lib/armv6k/fpu\libg.a(libc_a-gdtoa-hexnan.o)
                0x0011ff6c                __hexnan
 .text.sprintf  0x00120214       0x68 C:/devkitPro/devkitARM/bin/../lib/gcc/arm-none-eabi/16.1.0/../../../../arm-none-eabi/lib/armv6k/fpu\libg.a(libc_a-sprintf.o)
                0x00120214                sprintf
 .text.lflush   0x0012027c       0x38 C:/devkitPro/devkitARM/bin/../lib/gcc/arm-none-eabi/16.1.0/../../../../arm-none-eabi/lib/armv6k/fpu\libg.a(libc_a-refill.o)
 .text.__srefill_r
                0x001202b4      0x1a8 C:/devkitPro/devkitARM/bin/../lib/gcc/arm-none-eabi/16.1.0/../../../../arm-none-eabi/lib/armv6k/fpu\libg.a(libc_a-refill.o)
                0x001202b4                __srefill_r
 *fill*         0x0012045c        0x4 
 .text.nan      0x00120460       0x10 C:/devkitPro/devkitARM/bin/../lib/gcc/arm-none-eabi/16.1.0/../../../../arm-none-eabi/lib/armv6k/fpu\libg.a(libm_a-s_nan.o)
                0x00120460                nan
 .text.nanf     0x00120470        0xc C:/devkitPro/devkitARM/bin/../lib/gcc/arm-none-eabi/16.1.0/../../../../arm-none-eabi/lib/armv6k/fpu\libg.a(libm_a-sf_nan.o)
                0x00120470                nanf
 *fill*         0x0012047c        0x4 
 .text.frexp    0x00120480       0x88 C:/devkitPro/devkitARM/bin/../lib/gcc/arm-none-eabi/16.1.0/../../../../arm-none-eabi/lib/armv6k/fpu\libg.a(libm_a-s_frexp.o)
                0x00120480                frexp
 .text.stpncpy  0x00120508       0xdc C:/devkitPro/devkitARM/bin/../lib/gcc/arm-none-eabi/16.1.0/../../../../arm-none-eabi/lib/armv6k/fpu\libg.a(libc_a-stpncpy.o)
                0x00120508                stpncpy
 .text.__assert_func
                0x001205e4       0x5c C:/devkitPro/devkitARM/bin/../lib/gcc/arm-none-eabi/16.1.0/../../../../arm-none-eabi/lib/armv6k/fpu\libg.a(libc_a-assert.o)
                0x001205e4                __assert_func
 .text.iswspace
                0x00120640        0x8 C:/devkitPro/devkitARM/bin/../lib/gcc/arm-none-eabi/16.1.0/../../../../arm-none-eabi/lib/armv6k/fpu\libg.a(libc_a-iswspace.o)
                0x00120640                iswspace
 .text._Balloc  0x00120648       0x88 C:/devkitPro/devkitARM/bin/../lib/gcc/arm-none-eabi/16.1.0/../../../../arm-none-eabi/lib/armv6k/fpu\libg.a(libc_a-mprec.o)
                0x00120648                _Balloc
 .text._Bfree   0x001206d0       0x1c C:/devkitPro/devkitARM/bin/../lib/gcc/arm-none-eabi/16.1.0/../../../../arm-none-eabi/lib/armv6k/fpu\libg.a(libc_a-mprec.o)
                0x001206d0                _Bfree
 .text.__multadd
                0x001206ec       0xf4 C:/devkitPro/devkitARM/bin/../lib/gcc/arm-none-eabi/16.1.0/../../../../arm-none-eabi/lib/armv6k/fpu\libg.a(libc_a-mprec.o)
                0x001206ec                __multadd
 .text.__s2b    0x001207e0      0x10c C:/devkitPro/devkitARM/bin/../lib/gcc/arm-none-eabi/16.1.0/../../../../arm-none-eabi/lib/armv6k/fpu\libg.a(libc_a-mprec.o)
                0x001207e0                __s2b
 .text.__hi0bits
                0x001208ec       0x80 C:/devkitPro/devkitARM/bin/../lib/gcc/arm-none-eabi/16.1.0/../../../../arm-none-eabi/lib/armv6k/fpu\libg.a(libc_a-mprec.o)
                0x001208ec                __hi0bits
 .text.__lo0bits
                0x0012096c       0xf0 C:/devkitPro/devkitARM/bin/../lib/gcc/arm-none-eabi/16.1.0/../../../../arm-none-eabi/lib/armv6k/fpu\libg.a(libc_a-mprec.o)
                0x0012096c                __lo0bits
 .text.__i2b    0x00120a5c       0xa4 C:/devkitPro/devkitARM/bin/../lib/gcc/arm-none-eabi/16.1.0/../../../../arm-none-eabi/lib/armv6k/fpu\libg.a(libc_a-mprec.o)
                0x00120a5c                __i2b
 .text.__multiply
                0x00120b00      0x230 C:/devkitPro/devkitARM/bin/../lib/gcc/arm-none-eabi/16.1.0/../../../../arm-none-eabi/lib/armv6k/fpu\libg.a(libc_a-mprec.o)
                0x00120b00                __multiply
 .text.__pow5mult
                0x00120d30      0x130 C:/devkitPro/devkitARM/bin/../lib/gcc/arm-none-eabi/16.1.0/../../../../arm-none-eabi/lib/armv6k/fpu\libg.a(libc_a-mprec.o)
                0x00120d30                __pow5mult
 .text.__lshift
                0x00120e60      0x138 C:/devkitPro/devkitARM/bin/../lib/gcc/arm-none-eabi/16.1.0/../../../../arm-none-eabi/lib/armv6k/fpu\libg.a(libc_a-mprec.o)
                0x00120e60                __lshift
 .text.__mcmp   0x00120f98       0x58 C:/devkitPro/devkitARM/bin/../lib/gcc/arm-none-eabi/16.1.0/../../../../arm-none-eabi/lib/armv6k/fpu\libg.a(libc_a-mprec.o)
                0x00120f98                __mcmp
 .text.__mdiff  0x00120ff0      0x218 C:/devkitPro/devkitARM/bin/../lib/gcc/arm-none-eabi/16.1.0/../../../../arm-none-eabi/lib/armv6k/fpu\libg.a(libc_a-mprec.o)
                0x00120ff0                __mdiff
 .text.__ulp    0x00121208       0x68 C:/devkitPro/devkitARM/bin/../lib/gcc/arm-none-eabi/16.1.0/../../../../arm-none-eabi/lib/armv6k/fpu\libg.a(libc_a-mprec.o)
                0x00121208                __ulp
 .text.__b2d    0x00121270       0xd4 C:/devkitPro/devkitARM/bin/../lib/gcc/arm-none-eabi/16.1.0/../../../../arm-none-eabi/lib/armv6k/fpu\libg.a(libc_a-mprec.o)
                0x00121270                __b2d
 .text.__d2b    0x00121344      0x120 C:/devkitPro/devkitARM/bin/../lib/gcc/arm-none-eabi/16.1.0/../../../../arm-none-eabi/lib/armv6k/fpu\libg.a(libc_a-mprec.o)
                0x00121344                __d2b
 .text.__ratio  0x00121464       0x78 C:/devkitPro/devkitARM/bin/../lib/gcc/arm-none-eabi/16.1.0/../../../../arm-none-eabi/lib/armv6k/fpu\libg.a(libc_a-mprec.o)
                0x00121464                __ratio
 .text.__copybits
                0x001214dc       0x8c C:/devkitPro/devkitARM/bin/../lib/gcc/arm-none-eabi/16.1.0/../../../../arm-none-eabi/lib/armv6k/fpu\libg.a(libc_a-mprec.o)
                0x001214dc                __copybits
 .text.__any_on
                0x00121568       0x5c C:/devkitPro/devkitARM/bin/../lib/gcc/arm-none-eabi/16.1.0/../../../../arm-none-eabi/lib/armv6k/fpu\libg.a(libc_a-mprec.o)
                0x00121568                __any_on
 .text._fwalk_sglue
                0x001215c4       0x70 C:/devkitPro/devkitARM/bin/../lib/gcc/arm-none-eabi/16.1.0/../../../../arm-none-eabi/lib/armv6k/fpu\libg.a(libc_a-fwalk.o)
                0x001215c4                _fwalk_sglue
 .text._wcrtomb_r
                0x00121634       0xa0 C:/devkitPro/devkitARM/bin/../lib/gcc/arm-none-eabi/16.1.0/../../../../arm-none-eabi/lib/armv6k/fpu\libg.a(libc_a-wcrtomb.o)
                0x00121634                _wcrtomb_r
 .text.__submore
                0x001216d4       0xb8 C:/devkitPro/devkitARM/bin/../lib/gcc/arm-none-eabi/16.1.0/../../../../arm-none-eabi/lib/armv6k/fpu\libg.a(libc_a-ungetc.o)
                0x001216d4                __submore
 .text.__ssprint_r
                0x0012178c       0xa4 C:/devkitPro/devkitARM/bin/../lib/gcc/arm-none-eabi/16.1.0/../../../../arm-none-eabi/lib/armv6k/fpu\libg.a(libc_a-ssprint_r.o)
                0x0012178c                __ssprint_r
 .text.__utf8_mbtowc
                0x00121830      0x340 C:/devkitPro/devkitARM/bin/../lib/gcc/arm-none-eabi/16.1.0/../../../../arm-none-eabi/lib/armv6k/fpu\libg.a(libc_a-mbtowc_r.o)
                0x00121830                __utf8_mbtowc
 .text.fiprintf
                0x00121b70       0x3c C:/devkitPro/devkitARM/bin/../lib/gcc/arm-none-eabi/16.1.0/../../../../arm-none-eabi/lib/armv6k/fpu\libg.a(libc_a-fiprintf.o)
                0x00121b70                fiprintf
 .text.__sfvwrite_r
                0x00121bac      0x4a4 C:/devkitPro/devkitARM/bin/../lib/gcc/arm-none-eabi/16.1.0/../../../../arm-none-eabi/lib/armv6k/fpu\libg.a(libc_a-fvwrite.o)
                0x00121bac                __sfvwrite_r
 .text.abort    0x00122050       0x14 C:/devkitPro/devkitARM/bin/../lib/gcc/arm-none-eabi/16.1.0/../../../../arm-none-eabi/lib/armv6k/fpu\libg.a(libc_a-abort.o)
                0x00122050                abort
 .text.__sprint_r
                0x00122064       0x30 C:/devkitPro/devkitARM/bin/../lib/gcc/arm-none-eabi/16.1.0/../../../../arm-none-eabi/lib/armv6k/fpu\libg.a(libc_a-sprint_r.o)
                0x00122064                __sprint_r
 .text.quorem   0x00122094      0x1c0 C:/devkitPro/devkitARM/bin/../lib/gcc/arm-none-eabi/16.1.0/../../../../arm-none-eabi/lib/armv6k/fpu\libg.a(libc_a-dtoa.o)
 *fill*         0x00122254        0x4 
 .text._dtoa_r  0x00122258     0x1420 C:/devkitPro/devkitARM/bin/../lib/gcc/arm-none-eabi/16.1.0/../../../../arm-none-eabi/lib/armv6k/fpu\libg.a(libc_a-dtoa.o)
                0x00122258                _dtoa_r
 .text._wcsrtombs_r
                0x00123678       0x28 C:/devkitPro/devkitARM/bin/../lib/gcc/arm-none-eabi/16.1.0/../../../../arm-none-eabi/lib/armv6k/fpu\libg.a(libc_a-wcsrtombs.o)
                0x00123678                _wcsrtombs_r
 .text.__swsetup_r
                0x001236a0      0x140 C:/devkitPro/devkitARM/bin/../lib/gcc/arm-none-eabi/16.1.0/../../../../arm-none-eabi/lib/armv6k/fpu\libg.a(libc_a-wsetup.o)
                0x001236a0                __swsetup_r
 .text.memmove  0x001237e0      0x1a8 C:/devkitPro/devkitARM/bin/../lib/gcc/arm-none-eabi/16.1.0/../../../../arm-none-eabi/lib/armv6k/fpu\libg.a(libc_a-memmove.o)
                0x001237e0                memmove
 .text.iswspace_l
                0x00123988       0x38 C:/devkitPro/devkitARM/bin/../lib/gcc/arm-none-eabi/16.1.0/../../../../arm-none-eabi/lib/armv6k/fpu\libg.a(libc_a-iswspace_l.o)
                0x00123988                iswspace_l
 .text.__ssputs_r
                0x001239c0      0x12c C:/devkitPro/devkitARM/bin/../lib/gcc/arm-none-eabi/16.1.0/../../../../arm-none-eabi/lib/armv6k/fpu\libg.a(libc_a-ssputs_r.o)
                0x001239c0                __ssputs_r
 .text.get_arg  0x00123aec      0x5e0 C:/devkitPro/devkitARM/bin/../lib/gcc/arm-none-eabi/16.1.0/../../../../arm-none-eabi/lib/armv6k/fpu\libg.a(libc_a-vfiprintf.o)
 .text._vfiprintf_r
                0x001240cc     0x22f8 C:/devkitPro/devkitARM/bin/../lib/gcc/arm-none-eabi/16.1.0/../../../../arm-none-eabi/lib/armv6k/fpu\libg.a(libc_a-vfiprintf.o)
                0x001240cc                _vfiprintf_r
 .text.__sbprintf
                0x001263c4       0xb4 C:/devkitPro/devkitARM/bin/../lib/gcc/arm-none-eabi/16.1.0/../../../../arm-none-eabi/lib/armv6k/fpu\libg.a(libc_a-vfiprintf.o)
 .text._wcsnrtombs_l
                0x00126478      0x15c C:/devkitPro/devkitARM/bin/../lib/gcc/arm-none-eabi/16.1.0/../../../../arm-none-eabi/lib/armv6k/fpu\libg.a(libc_a-wcsnrtombs.o)
                0x00126478                _wcsnrtombs_l
 .text._wcsnrtombs_r
                0x001265d4       0x64 C:/devkitPro/devkitARM/bin/../lib/gcc/arm-none-eabi/16.1.0/../../../../arm-none-eabi/lib/armv6k/fpu\libg.a(libc_a-wcsnrtombs.o)
                0x001265d4                _wcsnrtombs_r
 .text._raise_r
                0x00126638       0x9c C:/devkitPro/devkitARM/bin/../lib/gcc/arm-none-eabi/16.1.0/../../../../arm-none-eabi/lib/armv6k/fpu\libg.a(libc_a-signal.o)
                0x00126638                _raise_r
 .text.raise    0x001266d4       0x20 C:/devkitPro/devkitARM/bin/../lib/gcc/arm-none-eabi/16.1.0/../../../../arm-none-eabi/lib/armv6k/fpu\libg.a(libc_a-signal.o)
                0x001266d4                raise
 .text.category
                0x001266f4       0x90 C:/devkitPro/devkitARM/bin/../lib/gcc/arm-none-eabi/16.1.0/../../../../arm-none-eabi/lib/armv6k/fpu\libg.a(libc_a-categories.o)
                0x001266f4                category
 .text._exit    0x00126784       0x20 C:/devkitPro/devkitARM/bin/../lib/gcc/arm-none-eabi/16.1.0/../../../../arm-none-eabi/lib/armv6k/fpu\libsysbase.a(libsysbase_libsysbase_a-_exit.o)
                0x00126784                _exit
 .text.chdir    0x001267a4      0x140 C:/devkitPro/devkitARM/bin/../lib/gcc/arm-none-eabi/16.1.0/../../../../arm-none-eabi/lib/armv6k/fpu\libsysbase.a(libsysbase_libsysbase_a-chdir.o)
                0x001267a4                chdir
 .text._concatenate_path
                0x001268e4      0x1c8 C:/devkitPro/devkitARM/bin/../lib/gcc/arm-none-eabi/16.1.0/../../../../arm-none-eabi/lib/armv6k/fpu\libsysbase.a(libsysbase_libsysbase_a-concatenate.o)
                0x001268e4                _concatenate_path
 .text._fstat_r
                0x00126aac       0x9c C:/devkitPro/devkitARM/bin/../lib/gcc/arm-none-eabi/16.1.0/../../../../arm-none-eabi/lib/armv6k/fpu\libsysbase.a(libsysbase_libsysbase_a-fstat.o)
                0x00126aac                _fstat_r
 .text._getpid_r
                0x00126b48       0x14 C:/devkitPro/devkitARM/bin/../lib/gcc/arm-none-eabi/16.1.0/../../../../arm-none-eabi/lib/armv6k/fpu\libsysbase.a(libsysbase_libsysbase_a-getpid.o)
                0x00126b48                _getpid_r
 .text.__getreent
                0x00126b5c       0x2c C:/devkitPro/devkitARM/bin/../lib/gcc/arm-none-eabi/16.1.0/../../../../arm-none-eabi/lib/armv6k/fpu\libsysbase.a(libsysbase_libsysbase_a-getreent.o)
                0x00126b5c                __getreent
 .text.__release_handle
                0x00126b88       0xa0 C:/devkitPro/devkitARM/bin/../lib/gcc/arm-none-eabi/16.1.0/../../../../arm-none-eabi/lib/armv6k/fpu\libsysbase.a(libsysbase_libsysbase_a-handle_manager.o)
                0x00126b88                __release_handle
 .text.__alloc_handle